Archive member included because of file (symbol)

.\CortexM0p\ARM_GCC_493\Debug\Lighting_with_PSoC_ACP.a(cyfitter_cfg.o)
                              .\CortexM0p\ARM_GCC_493\Debug\Cm0plusStart.o (cyfitter_cfg)
.\CortexM0p\ARM_GCC_493\Debug\Lighting_with_PSoC_ACP.a(LED_BLUE.o)
                              .\CortexM0p\ARM_GCC_493\Debug\main.o (LED_BLUE_Write)
.\CortexM0p\ARM_GCC_493\Debug\Lighting_with_PSoC_ACP.a(LED_GREEN.o)
                              .\CortexM0p\ARM_GCC_493\Debug\main.o (LED_GREEN_Write)
.\CortexM0p\ARM_GCC_493\Debug\Lighting_with_PSoC_ACP.a(LED_RED.o)
                              .\CortexM0p\ARM_GCC_493\Debug\main.o (LED_RED_Write)
.\CortexM0p\ARM_GCC_493\Debug\Lighting_with_PSoC_ACP.a(PWM_LED_STRIP.o)
                              .\CortexM0p\ARM_GCC_493\Debug\main.o (PWM_LED_Strip_WriteCompare)
.\CortexM0p\ARM_GCC_493\Debug\Lighting_with_PSoC_ACP.a(UART.o)
                              .\CortexM0p\ARM_GCC_493\Debug\main.o (UART_Start)
.\CortexM0p\ARM_GCC_493\Debug\Lighting_with_PSoC_ACP.a(UART_UART.o)
                              .\CortexM0p\ARM_GCC_493\Debug\Lighting_with_PSoC_ACP.a(UART.o) (UART_UartInit)
.\CortexM0p\ARM_GCC_493\Debug\Lighting_with_PSoC_ACP.a(CyBootAsmGnu.o)
                              .\CortexM0p\ARM_GCC_493\Debug\Lighting_with_PSoC_ACP.a(PWM_LED_STRIP.o) (CyEnterCriticalSection)
.\CortexM0p\ARM_GCC_493\Debug\Lighting_with_PSoC_ACP.a(CyLib.o)
                              .\CortexM0p\ARM_GCC_493\Debug\Lighting_with_PSoC_ACP.a(cyfitter_cfg.o) (CyIntEnable)
.\CortexM0p\ARM_GCC_493\Debug\Lighting_with_PSoC_ACP.a(CyLFClk.o)
                              .\CortexM0p\ARM_GCC_493\Debug\Lighting_with_PSoC_ACP.a(CyLib.o) (CySysClkWcoEnabled)
.\CortexM0p\ARM_GCC_493\Debug\Lighting_with_PSoC_ACP.a(ADC.o)
                              .\CortexM0p\ARM_GCC_493\Debug\main.o (ADC_StartConvert)
.\CortexM0p\ARM_GCC_493\Debug\Lighting_with_PSoC_ACP.a(ADC_INIT.o)
                              .\CortexM0p\ARM_GCC_493\Debug\Lighting_with_PSoC_ACP.a(ADC.o) (ADC_InputsPlacement)
.\CortexM0p\ARM_GCC_493\Debug\Lighting_with_PSoC_ACP.a(ADC_INT.o)
                              .\CortexM0p\ARM_GCC_493\Debug\Lighting_with_PSoC_ACP.a(ADC.o) (ADC_ISR)
.\CortexM0p\ARM_GCC_493\Debug\Lighting_with_PSoC_ACP.a(ADC_intSarClock.o)
                              .\CortexM0p\ARM_GCC_493\Debug\Lighting_with_PSoC_ACP.a(ADC.o) (ADC_intSarClock_SetFractionalDividerRegister)
.\CortexM0p\ARM_GCC_493\Debug\Lighting_with_PSoC_ACP.a(ADC_IRQ.o)
                              .\CortexM0p\ARM_GCC_493\Debug\Lighting_with_PSoC_ACP.a(ADC.o) (ADC_IRQ_StartEx)
.\CortexM0p\ARM_GCC_493\Debug\Lighting_with_PSoC_ACP.a(CSD_Control.o)
                              .\CortexM0p\ARM_GCC_493\Debug\main.o (CSD_Start)
.\CortexM0p\ARM_GCC_493\Debug\Lighting_with_PSoC_ACP.a(CSD_Processing.o)
                              .\CortexM0p\ARM_GCC_493\Debug\Lighting_with_PSoC_ACP.a(CSD_Control.o) (CSD_DpInitialize)
.\CortexM0p\ARM_GCC_493\Debug\Lighting_with_PSoC_ACP.a(CSD_Structure.o)
                              .\CortexM0p\ARM_GCC_493\Debug\Lighting_with_PSoC_ACP.a(CSD_Control.o) (CSD_DsInitialize)
.\CortexM0p\ARM_GCC_493\Debug\Lighting_with_PSoC_ACP.a(CSD_Tuner.o)
                              .\CortexM0p\ARM_GCC_493\Debug\Lighting_with_PSoC_ACP.a(CSD_Control.o) (CSD_TuInitialize)
.\CortexM0p\ARM_GCC_493\Debug\Lighting_with_PSoC_ACP.a(CSD_Filter.o)
                              .\CortexM0p\ARM_GCC_493\Debug\Lighting_with_PSoC_ACP.a(CSD_Control.o) (CSD_InitializeAllBaselines)
.\CortexM0p\ARM_GCC_493\Debug\Lighting_with_PSoC_ACP.a(CSD_Sensing.o)
                              .\CortexM0p\ARM_GCC_493\Debug\main.o (CSD_IsBusy)
.\CortexM0p\ARM_GCC_493\Debug\Lighting_with_PSoC_ACP.a(CSD_SensingCSD_LL.o)
                              .\CortexM0p\ARM_GCC_493\Debug\Lighting_with_PSoC_ACP.a(CSD_Sensing.o) (CSD_CSDConnectSns)
.\CortexM0p\ARM_GCC_493\Debug\Lighting_with_PSoC_ACP.a(CSD_ISR.o)
                              .\CortexM0p\ARM_GCC_493\Debug\Lighting_with_PSoC_ACP.a(CSD_Sensing.o) (CSD_ISR_StartEx)
.\CortexM0p\ARM_GCC_493\Debug\Lighting_with_PSoC_ACP.a(PIRAmplifierStage1.o)
                              .\CortexM0p\ARM_GCC_493\Debug\main.o (PIRAmplifierStage1_Start)
.\CortexM0p\ARM_GCC_493\Debug\Lighting_with_PSoC_ACP.a(RefBuffer.o)
                              .\CortexM0p\ARM_GCC_493\Debug\main.o (RefBuffer_Start)
.\CortexM0p\ARM_GCC_493\Debug\Lighting_with_PSoC_ACP.a(PVref.o)
                              .\CortexM0p\ARM_GCC_493\Debug\main.o (PVref_Enable)
.\CortexM0p\ARM_GCC_493\Debug\Lighting_with_PSoC_ACP.a(PIRAmplifierStage2.o)
                              .\CortexM0p\ARM_GCC_493\Debug\main.o (PIRAmplifierStage2_Start)
.\CortexM0p\ARM_GCC_493\Debug\Lighting_with_PSoC_ACP.a(Switch_Off_Timer_Int.o)
                              .\CortexM0p\ARM_GCC_493\Debug\main.o (Switch_Off_Timer_Int_StartEx)
.\CortexM0p\ARM_GCC_493\Debug\Lighting_with_PSoC_ACP.a(Switch_Off_Timer.o)
[...]
Memory Configuration

Name             Origin             Length             Attributes
rom              0x00000000         0x00008000         xr
ram              0x20000000         0x00001000         xrw
*default*        0x00000000         0xffffffff

Linker script and memory map

LOAD c:/program files (x86)/cypress/psoc creator/3.3/psoc creator/import/gnu/arm/4.9.3/bin/../lib/gcc/arm-none-eabi/4.9.3/armv6-m/crti.o
LOAD c:/program files (x86)/cypress/psoc creator/3.3/psoc creator/import/gnu/arm/4.9.3/bin/../lib/gcc/arm-none-eabi/4.9.3/armv6-m/crtbegin.o
LOAD c:/program files (x86)/cypress/psoc creator/3.3/psoc creator/import/gnu/arm/4.9.3/bin/../lib/gcc/arm-none-eabi/4.9.3/../../../../arm-none-eabi/lib/armv6-m/crt0.o
START GROUP
LOAD .\CortexM0p\ARM_GCC_493\Debug\main.o
LOAD .\CortexM0p\ARM_GCC_493\Debug\cymetadata.o
LOAD .\CortexM0p\ARM_GCC_493\Debug\Cm0plusStart.o
LOAD .\CortexM0p\ARM_GCC_493\Debug\Lighting_with_PSoC_ACP.a
LOAD C:\Program Files (x86)\Cypress\PSoC Creator\3.3\PSoC Creator\psoc\content\cycomponentlibrary\CyComponentLibrary.cylib\CapSense_P4_v3_0\PSoC4\Library\Capsense_P4Library_GCCp.a
END GROUP
START GROUP
LOAD c:/program files (x86)/cypress/psoc creator/3.3/psoc creator/import/gnu/arm/4.9.3/bin/../lib/gcc/arm-none-eabi/4.9.3/armv6-m\libgcc.a
LOAD c:/program files (x86)/cypress/psoc creator/3.3/psoc creator/import/gnu/arm/4.9.3/bin/../lib/gcc/arm-none-eabi/4.9.3/../../../../arm-none-eabi/lib/armv6-m\libg_nano.a
LOAD c:/program files (x86)/cypress/psoc creator/3.3/psoc creator/import/gnu/arm/4.9.3/bin/../lib/gcc/arm-none-eabi/4.9.3/../../../../arm-none-eabi/lib/armv6-m\libc_nano.a
END GROUP
START GROUP
LOAD c:/program files (x86)/cypress/psoc creator/3.3/psoc creator/import/gnu/arm/4.9.3/bin/../lib/gcc/arm-none-eabi/4.9.3/armv6-m\libgcc.a
LOAD c:/program files (x86)/cypress/psoc creator/3.3/psoc creator/import/gnu/arm/4.9.3/bin/../lib/gcc/arm-none-eabi/4.9.3/../../../../arm-none-eabi/lib/armv6-m\libc_nano.a
END GROUP
LOAD c:/program files (x86)/cypress/psoc creator/3.3/psoc creator/import/gnu/arm/4.9.3/bin/../lib/gcc/arm-none-eabi/4.9.3/armv6-m/crtend.o
LOAD c:/program files (x86)/cypress/psoc creator/3.3/psoc creator/import/gnu/arm/4.9.3/bin/../lib/gcc/arm-none-eabi/4.9.3/armv6-m/crtn.o
START GROUP
LOAD c:/program files (x86)/cypress/psoc creator/3.3/psoc creator/import/gnu/arm/4.9.3/bin/../lib/gcc/arm-none-eabi/4.9.3/armv6-m\libgcc.a
LOAD c:/program files (x86)/cypress/psoc creator/3.3/psoc creator/import/gnu/arm/4.9.3/bin/../lib/gcc/arm-none-eabi/4.9.3/../../../../arm-none-eabi/lib/armv6-m\libc.a
LOAD c:/program files (x86)/cypress/psoc creator/3.3/psoc creator/import/gnu/arm/4.9.3/bin/../lib/gcc/arm-none-eabi/4.9.3/../../../../arm-none-eabi/lib/armv6-m\libnosys.a
END GROUP
                0x00000000                CY_APPL_ORIGIN = 0x0
                0x00000080                CY_FLASH_ROW_SIZE = 0x80
                0x00000001                CY_APPL_NUM = 0x1
                0x00000001                CY_APPL_MAX = 0x1
                0x00000040                CY_METADATA_SIZE = 0x40
                0x00000000                CY_APPL_LOADABLE = 0x0
                0x00000000                CY_CHECKSUM_EXCLUDE_SIZE = ALIGN (0x0, CY_FLASH_ROW_SIZE)
                0x00000000                CY_APP_FOR_STACK_AND_COPIER = 0x0
                0x200002a0                PROVIDE (__cy_heap_start, _end)
                0x00000001                PROVIDE (__cy_region_num, ((__cy_regions_end - __cy_regions) / 0x10))
                0x20001000                PROVIDE (__cy_stack, (ORIGIN (ram) + 0x1000))
                0x20000c00                PROVIDE (__cy_heap_end, (__cy_stack - 0x400))

.cybootloader   0x00000000        0x0
 *(.cybootloader)
                0x00000000                appl1_start = CY_APPL_ORIGIN?CY_APPL_ORIGIN:ALIGN (CY_FLASH_ROW_SIZE)
                0x00003f80                appl2_start = (appl1_start + ALIGN ((((0x8000 - appl1_start) - (0x2 * CY_FLASH_ROW_SIZE)) / 0x2), CY_FLASH_ROW_SIZE))
                0x00000000                appl_start = (CY_APPL_NUM == 0x1)?appl1_start:appl2_start
                0x00000001                cy_project_type_bootloader = (appl_start == 0x0)?0x1:0x0
                0x00000000                cy_project_type_app_for_stack_and_copier = (CY_APP_FOR_STACK_AND_COPIER == 0x1)?0x1:0x0

.text           0x00000000     0x4be2
 CREATE_OBJECT_SYMBOLS
                0x00000000                PROVIDE (__cy_interrupt_vector, RomVectors)
 *(.romvectors)
 .romvectors    0x00000000       0x10 .\CortexM0p\ARM_GCC_493\Debug\Cm0plusStart.o
                0x00000000                RomVectors
                0x00000001                ASSERT ((. != __cy_interrupt_vector), No interrupt vector)
                0x00000001                ASSERT (CY_APPL_ORIGIN?(SIZEOF (.cybootloader) <= CY_APPL_ORIGIN):0x1, Wrong image location)
                0x00000010                PROVIDE (__cy_reset, Reset)
 *(.text.Reset)
 .text.Reset    0x00000010        0xc .\CortexM0p\ARM_GCC_493\Debug\Cm0plusStart.o
                0x00000010                Reset
                0x00000001                ASSERT ((. != __cy_reset), No reset code)
 *(.psocinit)
 .psocinit      0x0000001c      0x1dc .\CortexM0p\ARM_GCC_493\Debug\Lighting_with_PSoC_ACP.a(cyfitter_cfg.o)
                0x00000134                cyfitter_cfg
                0x000001f8                . = MAX (., 0x100)
 *(.text .text.* .gnu.linkonce.t.*)
 .text          0x000001f8       0x60 c:/program files (x86)/cypress/psoc creator/3.3/psoc creator/import/gnu/arm/4.9.3/bin/../lib/gcc/arm-none-eabi/4.9.3/armv6-m/crtbegin.o
 .text.Millis_Update_Timer_Handler
                0x00000258       0x18 .\CortexM0p\ARM_GCC_493\Debug\main.o
                0x00000258                Millis_Update_Timer_Handler
 .text.calculateAVGSilenceSignal
                0x00000270       0x48 .\CortexM0p\ARM_GCC_493\Debug\main.o
                0x00000270                calculateAVGSilenceSignal
 .text.stopAndResetTimer
                0x000002b8       0x14 .\CortexM0p\ARM_GCC_493\Debug\main.o
                0x000002b8                stopAndResetTimer
 .text.Switch_Off_Timer_Handler
                0x000002cc       0x20 .\CortexM0p\ARM_GCC_493\Debug\main.o
                0x000002cc                Switch_Off_Timer_Handler
 .text.InitResources
                0x000002ec       0x54 .\CortexM0p\ARM_GCC_493\Debug\main.o
                0x000002ec                InitResources
 .text.main     0x00000340      0x2bc .\CortexM0p\ARM_GCC_493\Debug\main.o
                0x00000340                main
 .text.IntDefaultHandler
                0x000005fc        0x4 .\CortexM0p\ARM_GCC_493\Debug\Cm0plusStart.o
                0x000005fc                IntDefaultHandler
 .text._sbrk    0x00000600       0x30 .\CortexM0p\ARM_GCC_493\Debug\Cm0plusStart.o
                0x00000600                _sbrk
 .text.Start_c  0x00000630       0x48 .\CortexM0p\ARM_GCC_493\Debug\Cm0plusStart.o
                0x00000630                Start_c
 .text.initialize_psoc
                0x00000678       0x48 .\CortexM0p\ARM_GCC_493\Debug\Cm0plusStart.o
                0x00000678                initialize_psoc
 .text.SetAnalogRoutingPumps
                0x000006c0       0x20 .\CortexM0p\ARM_GCC_493\Debug\Lighting_with_PSoC_ACP.a(cyfitter_cfg.o)
                0x000006c0                SetAnalogRoutingPumps
 .text.AnalogSetDefault
                0x000006e0       0xe0 .\CortexM0p\ARM_GCC_493\Debug\Lighting_with_PSoC_ACP.a(cyfitter_cfg.o)
 .text.LED_BLUE_Write
                0x000007c0       0x18 .\CortexM0p\ARM_GCC_493\Debug\Lighting_with_PSoC_ACP.a(LED_BLUE.o)
                0x000007c0                LED_BLUE_Write
 .text.LED_GREEN_Write
                0x000007d8       0x18 .\CortexM0p\ARM_GCC_493\Debug\Lighting_with_PSoC_ACP.a(LED_GREEN.o)
                0x000007d8                LED_GREEN_Write
 .text.LED_RED_Write
                0x000007f0       0x18 .\CortexM0p\ARM_GCC_493\Debug\Lighting_with_PSoC_ACP.a(LED_RED.o)
                0x000007f0                LED_RED_Write
 .text.PWM_LED_Strip_WriteCounter
                0x00000808       0x10 .\CortexM0p\ARM_GCC_493\Debug\Lighting_with_PSoC_ACP.a(PWM_LED_STRIP.o)
                0x00000808                PWM_LED_Strip_WriteCounter
 .text.PWM_LED_Strip_WritePeriod
                0x00000818       0x10 .\CortexM0p\ARM_GCC_493\Debug\Lighting_with_PSoC_ACP.a(PWM_LED_STRIP.o)
                0x00000818                PWM_LED_Strip_WritePeriod
 .text.PWM_LED_Strip_WriteCompare
                0x00000828       0x10 .\CortexM0p\ARM_GCC_493\Debug\Lighting_with_PSoC_ACP.a(PWM_LED_STRIP.o)
                0x00000828                PWM_LED_Strip_WriteCompare
 .text.PWM_LED_Strip_TriggerCommand
                0x00000838       0x1c .\CortexM0p\ARM_GCC_493\Debug\Lighting_with_PSoC_ACP.a(PWM_LED_STRIP.o)
                0x00000838                PWM_LED_Strip_TriggerCommand
 .text.PWM_LED_Strip_Enable
                0x00000854       0x24 .\CortexM0p\ARM_GCC_493\Debug\Lighting_with_PSoC_ACP.a(PWM_LED_STRIP.o)
                0x00000854                PWM_LED_Strip_Enable
 .text.PWM_LED_Strip_SetInterruptMode
                0x00000878        0xc .\CortexM0p\ARM_GCC_493\Debug\Lighting_with_PSoC_ACP.a(PWM_LED_STRIP.o)
                0x00000878                PWM_LED_Strip_SetInterruptMode
 .text.PWM_LED_Strip_Init
                0x00000884       0x44 .\CortexM0p\ARM_GCC_493\Debug\Lighting_with_PSoC_ACP.a(PWM_LED_STRIP.o)
                0x00000884                PWM_LED_Strip_Init
 .text.PWM_LED_Strip_Start
                0x000008c8       0x20 .\CortexM0p\ARM_GCC_493\Debug\Lighting_with_PSoC_ACP.a(PWM_LED_STRIP.o)
                0x000008c8                PWM_LED_Strip_Start
 .text.UART_ScbModePostEnable
                0x000008e8        0x8 .\CortexM0p\ARM_GCC_493\Debug\Lighting_with_PSoC_ACP.a(UART.o)
 .text.UART_Init
                0x000008f0        0x8 .\CortexM0p\ARM_GCC_493\Debug\Lighting_with_PSoC_ACP.a(UART.o)
                0x000008f0                UART_Init
 .text.UART_Enable
                0x000008f8       0x18 .\CortexM0p\ARM_GCC_493\Debug\Lighting_with_PSoC_ACP.a(UART.o)
                0x000008f8                UART_Enable
 .text.UART_Start
                0x00000910       0x20 .\CortexM0p\ARM_GCC_493\Debug\Lighting_with_PSoC_ACP.a(UART.o)
                0x00000910                UART_Start
 .text.UART_UartInit
                0x00000930       0xa4 .\CortexM0p\ARM_GCC_493\Debug\Lighting_with_PSoC_ACP.a(UART_UART.o)
                0x00000930                UART_UartInit
 .text.UART_UartPostEnable
                0x000009d4       0x2c .\CortexM0p\ARM_GCC_493\Debug\Lighting_with_PSoC_ACP.a(UART_UART.o)
                0x000009d4                UART_UartPostEnable
 .text.UART_UartPutString
                0x00000a00       0x18 .\CortexM0p\ARM_GCC_493\Debug\Lighting_with_PSoC_ACP.a(UART_UART.o)
                0x00000a00                UART_UartPutString
 .text          0x00000a18       0x20 .\CortexM0p\ARM_GCC_493\Debug\Lighting_with_PSoC_ACP.a(CyBootAsmGnu.o)
                0x00000a18                CyDelayCycles
                0x00000a2a                CyEnterCriticalSection
                0x00000a32                CyExitCriticalSection
 .text.CySysClkImoDisableWcoLock
                0x00000a38       0x14 .\CortexM0p\ARM_GCC_493\Debug\Lighting_with_PSoC_ACP.a(CyLib.o)
                0x00000a38                CySysClkImoDisableWcoLock
 .text.CySysClkImoGetWcoLock
                0x00000a4c       0x14 .\CortexM0p\ARM_GCC_493\Debug\Lighting_with_PSoC_ACP.a(CyLib.o)
                0x00000a4c                CySysClkImoGetWcoLock
 .text.CyIntEnable
                0x00000a60       0x14 .\CortexM0p\ARM_GCC_493\Debug\Lighting_with_PSoC_ACP.a(CyLib.o)
                0x00000a60                CyIntEnable
 .text.CyIntDisable
                0x00000a74       0x14 .\CortexM0p\ARM_GCC_493\Debug\Lighting_with_PSoC_ACP.a(CyLib.o)
                0x00000a74                CyIntDisable
 .text.CyIntClearPending
                0x00000a88       0x14 .\CortexM0p\ARM_GCC_493\Debug\Lighting_with_PSoC_ACP.a(CyLib.o)
                0x00000a88                CyIntClearPending
 .text.CyHalt   0x00000a9c        0x4 .\CortexM0p\ARM_GCC_493\Debug\Lighting_with_PSoC_ACP.a(CyLib.o)
                0x00000a9c                CyHalt
 .text.CyIntSetVector
                0x00000aa0       0x24 .\CortexM0p\ARM_GCC_493\Debug\Lighting_with_PSoC_ACP.a(CyLib.o)
                0x00000aa0                CyIntSetVector
 .text.CyIntSetPriority
                0x00000ac4       0x4c .\CortexM0p\ARM_GCC_493\Debug\Lighting_with_PSoC_ACP.a(CyLib.o)
                0x00000ac4                CyIntSetPriority
 .text.CyDelay  0x00000b10       0x30 .\CortexM0p\ARM_GCC_493\Debug\Lighting_with_PSoC_ACP.a(CyLib.o)
                0x00000b10                CyDelay
 .text.CySysClkImoEnableWcoLock
                0x00000b40       0xcc .\CortexM0p\ARM_GCC_493\Debug\Lighting_with_PSoC_ACP.a(CyLib.o)
                0x00000b40                CySysClkImoEnableWcoLock
 .text.CySysClkWriteImoFreq
                0x00000c0c       0xd8 .\CortexM0p\ARM_GCC_493\Debug\Lighting_with_PSoC_ACP.a(CyLib.o)
                0x00000c0c                CySysClkWriteImoFreq
 .text.CyDelayUs
                0x00000ce4       0x14 .\CortexM0p\ARM_GCC_493\Debug\Lighting_with_PSoC_ACP.a(CyLib.o)
                0x00000ce4                CyDelayUs
 .text.CySysClkGetTimerSource
                0x00000cf8       0x10 .\CortexM0p\ARM_GCC_493\Debug\Lighting_with_PSoC_ACP.a(CyLFClk.o)
 .text.CySysClkWcoEnabled
                0x00000d08       0x14 .\CortexM0p\ARM_GCC_493\Debug\Lighting_with_PSoC_ACP.a(CyLFClk.o)
                0x00000d08                CySysClkWcoEnabled
 .text.CySysWdtDisable
                0x00000d1c       0x10 .\CortexM0p\ARM_GCC_493\Debug\Lighting_with_PSoC_ACP.a(CyLFClk.o)
                0x00000d1c                CySysWdtDisable
 .text.CySysClkSetTimerSource
                0x00000d2c       0x68 .\CortexM0p\ARM_GCC_493\Debug\Lighting_with_PSoC_ACP.a(CyLFClk.o)
                0x00000d2c                CySysClkSetTimerSource
 .text.CySysTimerClearInterrupt
                0x00000d94       0x30 .\CortexM0p\ARM_GCC_493\Debug\Lighting_with_PSoC_ACP.a(CyLFClk.o)
                0x00000d94                CySysTimerClearInterrupt
 .text.CySysTimerIsr
                0x00000dc4       0xa4 .\CortexM0p\ARM_GCC_493\Debug\Lighting_with_PSoC_ACP.a(CyLFClk.o)
                0x00000dc4                CySysTimerIsr
 .text.ADC_InitConfig
                0x00000e68      0x100 .\CortexM0p\ARM_GCC_493\Debug\Lighting_with_PSoC_ACP.a(ADC.o)
                0x00000e68                ADC_InitConfig
 .text.ADC_StartConvert
                0x00000f68       0x28 .\CortexM0p\ARM_GCC_493\Debug\Lighting_with_PSoC_ACP.a(ADC.o)
                0x00000f68                ADC_StartConvert
 .text.ADC_IsEndConversion
                0x00000f90       0x38 .\CortexM0p\ARM_GCC_493\Debug\Lighting_with_PSoC_ACP.a(ADC.o)
                0x00000f90                ADC_IsEndConversion
 .text.ADC_GetResult16
                0x00000fc8       0x2c .\CortexM0p\ARM_GCC_493\Debug\Lighting_with_PSoC_ACP.a(ADC.o)
                0x00000fc8                ADC_GetResult16
 .text.ADC_Init
                0x00000ff4      0x130 .\CortexM0p\ARM_GCC_493\Debug\Lighting_with_PSoC_ACP.a(ADC.o)
                0x00000ff4                ADC_Init
 .text.ADC_Enable
                0x00001124       0x30 .\CortexM0p\ARM_GCC_493\Debug\Lighting_with_PSoC_ACP.a(ADC.o)
                0x00001124                ADC_Enable
 .text.ADC_Start
                0x00001154       0x24 .\CortexM0p\ARM_GCC_493\Debug\Lighting_with_PSoC_ACP.a(ADC.o)
                0x00001154                ADC_Start
 .text.ADC_ISR  0x00001178        0xc .\CortexM0p\ARM_GCC_493\Debug\Lighting_with_PSoC_ACP.a(ADC_INT.o)
                0x00001178                ADC_ISR
 .text.ADC_intSarClock_SetFractionalDividerRegister
                0x00001184       0x20 .\CortexM0p\ARM_GCC_493\Debug\Lighting_with_PSoC_ACP.a(ADC_intSarClock.o)
                0x00001184                ADC_intSarClock_SetFractionalDividerRegister
 .text.CSD_Initialize
                0x000011a4       0x28 .\CortexM0p\ARM_GCC_493\Debug\Lighting_with_PSoC_ACP.a(CSD_Control.o)
                0x000011a4                CSD_Initialize
 .text.CSD_Start
                0x000011cc       0x50 .\CortexM0p\ARM_GCC_493\Debug\Lighting_with_PSoC_ACP.a(CSD_Control.o)
                0x000011cc                CSD_Start
 .text.CSD_DpInitialize
                0x0000121c       0x5c .\CortexM0p\ARM_GCC_493\Debug\Lighting_with_PSoC_ACP.a(CSD_Processing.o)
                0x0000121c                CSD_DpInitialize
 .text.CSD_DsInitialize
                0x00001278       0x68 .\CortexM0p\ARM_GCC_493\Debug\Lighting_with_PSoC_ACP.a(CSD_Structure.o)
                0x00001278                CSD_DsInitialize
 .text.CSD_TuInitialize
                0x000012e0       0x14 .\CortexM0p\ARM_GCC_493\Debug\Lighting_with_PSoC_ACP.a(CSD_Tuner.o)
                0x000012e0                CSD_TuInitialize
 .text.CSD_FtInitializeBaselineChannel
                0x000012f4       0x1c .\CortexM0p\ARM_GCC_493\Debug\Lighting_with_PSoC_ACP.a(CSD_Filter.o)
                0x000012f4                CSD_FtInitializeBaselineChannel
 .text.CSD_InitializeSensorBaseline
                0x00001310       0x3c .\CortexM0p\ARM_GCC_493\Debug\Lighting_with_PSoC_ACP.a(CSD_Filter.o)
                0x00001310                CSD_InitializeSensorBaseline
 .text.CSD_InitializeWidgetBaseline
                0x0000134c       0x28 .\CortexM0p\ARM_GCC_493\Debug\Lighting_with_PSoC_ACP.a(CSD_Filter.o)
                0x0000134c                CSD_InitializeWidgetBaseline
 .text.CSD_InitializeAllBaselines
                0x00001374       0x18 .\CortexM0p\ARM_GCC_493\Debug\Lighting_with_PSoC_ACP.a(CSD_Filter.o)
                0x00001374                CSD_InitializeAllBaselines
 .text.CSD_InitializeIIRInternal
                0x0000138c       0x1c .\CortexM0p\ARM_GCC_493\Debug\Lighting_with_PSoC_ACP.a(CSD_Filter.o)
                0x0000138c                CSD_InitializeIIRInternal
 .text.CSD_FtInitialize
                0x000013a8       0x54 .\CortexM0p\ARM_GCC_493\Debug\Lighting_with_PSoC_ACP.a(CSD_Filter.o)
                0x000013a8                CSD_FtInitialize
 .text.CSD_IsBusy
                0x000013fc       0x10 .\CortexM0p\ARM_GCC_493\Debug\Lighting_with_PSoC_ACP.a(CSD_Sensing.o)
                0x000013fc                CSD_IsBusy
 .text.CSD_SetupWidget
                0x0000140c       0x44 .\CortexM0p\ARM_GCC_493\Debug\Lighting_with_PSoC_ACP.a(CSD_Sensing.o)
                0x0000140c                CSD_SetupWidget
 .text.CSD_Scan
                0x00001450       0x1c .\CortexM0p\ARM_GCC_493\Debug\Lighting_with_PSoC_ACP.a(CSD_Sensing.o)
                0x00001450                CSD_Scan
 .text.CSD_ScanAllWidgets
                0x0000146c       0x3c .\CortexM0p\ARM_GCC_493\Debug\Lighting_with_PSoC_ACP.a(CSD_Sensing.o)
                0x0000146c                CSD_ScanAllWidgets
 .text.CSD_SsPostAllWidgetsScan
                0x000014a8        0x4 .\CortexM0p\ARM_GCC_493\Debug\Lighting_with_PSoC_ACP.a(CSD_Sensing.o)
                0x000014a8                CSD_SsPostAllWidgetsScan
 .text.CSD_SsSetModClkClockDivider
                0x000014ac       0x30 .\CortexM0p\ARM_GCC_493\Debug\Lighting_with_PSoC_ACP.a(CSD_Sensing.o)
                0x000014ac                CSD_SsSetModClkClockDivider
 .text.CSD_CalibrateWidget
                0x000014dc       0x14 .\CortexM0p\ARM_GCC_493\Debug\Lighting_with_PSoC_ACP.a(CSD_Sensing.o)
                0x000014dc                CSD_CalibrateWidget
 .text.CSD_CalibrateAllWidgets
                0x000014f0       0x1c .\CortexM0p\ARM_GCC_493\Debug\Lighting_with_PSoC_ACP.a(CSD_Sensing.o)
                0x000014f0                CSD_CalibrateAllWidgets
 .text.CSD_SsSetWidgetSenseClkSrc
                0x0000150c        0x8 .\CortexM0p\ARM_GCC_493\Debug\Lighting_with_PSoC_ACP.a(CSD_Sensing.o)
                0x0000150c                CSD_SsSetWidgetSenseClkSrc
 .text.CSD_SsInitializeSourceSenseClk
                0x00001514       0x24 .\CortexM0p\ARM_GCC_493\Debug\Lighting_with_PSoC_ACP.a(CSD_Sensing.o)
                0x00001514                CSD_SsInitializeSourceSenseClk
 .text.CSD_SsInitialize
                0x00001538       0x10 .\CortexM0p\ARM_GCC_493\Debug\Lighting_with_PSoC_ACP.a(CSD_Sensing.o)
                0x00001538                CSD_SsInitialize
 .text.CSD_SsCSDSetFilterDelay
                0x00001548       0x50 .\CortexM0p\ARM_GCC_493\Debug\Lighting_with_PSoC_ACP.a(CSD_SensingCSD_LL.o)
 .text.CSD_SsCSDConfigIDACs
                0x00001598       0x1c .\CortexM0p\ARM_GCC_493\Debug\Lighting_with_PSoC_ACP.a(CSD_SensingCSD_LL.o)
 .text.CSD_SsCSDSetModeSnsClockDivider
                0x000015b4       0x10 .\CortexM0p\ARM_GCC_493\Debug\Lighting_with_PSoC_ACP.a(CSD_SensingCSD_LL.o)
 .text.CSD_SsCSDCalibrateCheck
                0x000015c4       0x44 .\CortexM0p\ARM_GCC_493\Debug\Lighting_with_PSoC_ACP.a(CSD_SensingCSD_LL.o)
 .text.CSD_SsCSDSetSingleIdacMode
                0x00001608       0x2c .\CortexM0p\ARM_GCC_493\Debug\Lighting_with_PSoC_ACP.a(CSD_SensingCSD_LL.o)
 .text.CSD_SsCSDRestoreIdacMode
                0x00001634       0x30 .\CortexM0p\ARM_GCC_493\Debug\Lighting_with_PSoC_ACP.a(CSD_SensingCSD_LL.o)
 .text.CSD_SsCSDSetUpIdacs
                0x00001664       0x44 .\CortexM0p\ARM_GCC_493\Debug\Lighting_with_PSoC_ACP.a(CSD_SensingCSD_LL.o)
                0x00001664                CSD_SsCSDSetUpIdacs
 .text.CSD_SsCSDGetNumberOfConversions
                0x000016a8       0x4c .\CortexM0p\ARM_GCC_493\Debug\Lighting_with_PSoC_ACP.a(CSD_SensingCSD_LL.o)
                0x000016a8                CSD_SsCSDGetNumberOfConversions
 .text.CSD_SsCSDConfigClock
                0x000016f4       0x24 .\CortexM0p\ARM_GCC_493\Debug\Lighting_with_PSoC_ACP.a(CSD_SensingCSD_LL.o)
                0x000016f4                CSD_SsCSDConfigClock
 .text.CSD_SsCSDCalculateScanDuration
                0x00001718       0x1c .\CortexM0p\ARM_GCC_493\Debug\Lighting_with_PSoC_ACP.a(CSD_SensingCSD_LL.o)
                0x00001718                CSD_SsCSDCalculateScanDuration
 .text.CSD_SsCSDStartSample
                0x00001734      0x100 .\CortexM0p\ARM_GCC_493\Debug\Lighting_with_PSoC_ACP.a(CSD_SensingCSD_LL.o)
                0x00001734                CSD_SsCSDStartSample
 .text.CSD_CSDScanExt
                0x00001834       0x1c .\CortexM0p\ARM_GCC_493\Debug\Lighting_with_PSoC_ACP.a(CSD_SensingCSD_LL.o)
                0x00001834                CSD_CSDScanExt
 .text.CSD_CSDConnectSns
                0x00001850       0x34 .\CortexM0p\ARM_GCC_493\Debug\Lighting_with_PSoC_ACP.a(CSD_SensingCSD_LL.o)
                0x00001850                CSD_CSDConnectSns
 .text.CSD_CSDScan
                0x00001884       0x78 .\CortexM0p\ARM_GCC_493\Debug\Lighting_with_PSoC_ACP.a(CSD_SensingCSD_LL.o)
                0x00001884                CSD_CSDScan
 .text.CSD_SsCSDConnectSensorExt
                0x000018fc       0x28 .\CortexM0p\ARM_GCC_493\Debug\Lighting_with_PSoC_ACP.a(CSD_SensingCSD_LL.o)
                0x000018fc                CSD_SsCSDConnectSensorExt
 .text.CSD_CSDDisconnectSns
                0x00001924       0x40 .\CortexM0p\ARM_GCC_493\Debug\Lighting_with_PSoC_ACP.a(CSD_SensingCSD_LL.o)
                0x00001924                CSD_CSDDisconnectSns
 .text.CSD_SsCSDClearCSDSensors
                0x00001964       0x4c .\CortexM0p\ARM_GCC_493\Debug\Lighting_with_PSoC_ACP.a(CSD_SensingCSD_LL.o)
 .text.CSD_SsCSDInitialize
                0x000019b0      0x11c .\CortexM0p\ARM_GCC_493\Debug\Lighting_with_PSoC_ACP.a(CSD_SensingCSD_LL.o)
                0x000019b0                CSD_SsCSDInitialize
 .text.CSD_SsCSDElectrodeCheck
                0x00001acc       0x1c .\CortexM0p\ARM_GCC_493\Debug\Lighting_with_PSoC_ACP.a(CSD_SensingCSD_LL.o)
                0x00001acc                CSD_SsCSDElectrodeCheck
 .text.CSD_CSDSetupWidget
                0x00001ae8       0x58 .\CortexM0p\ARM_GCC_493\Debug\Lighting_with_PSoC_ACP.a(CSD_SensingCSD_LL.o)
                0x00001ae8                CSD_CSDSetupWidget
 .text.CSD_CSDSetupWidgetExt
                0x00001b40       0x64 .\CortexM0p\ARM_GCC_493\Debug\Lighting_with_PSoC_ACP.a(CSD_SensingCSD_LL.o)
                0x00001b40                CSD_CSDSetupWidgetExt
 .text.CSD_SsCSDCalibrateOneSensor
                0x00001ba4       0xe0 .\CortexM0p\ARM_GCC_493\Debug\Lighting_with_PSoC_ACP.a(CSD_SensingCSD_LL.o)
 .text.CSD_CSDCalibrateWidget
                0x00001c84      0x108 .\CortexM0p\ARM_GCC_493\Debug\Lighting_with_PSoC_ACP.a(CSD_SensingCSD_LL.o)
                0x00001c84                CSD_CSDCalibrateWidget
 .text.CSD_ISR_SetVector
                0x00001d8c        0xc .\CortexM0p\ARM_GCC_493\Debug\Lighting_with_PSoC_ACP.a(CSD_ISR.o)
                0x00001d8c                CSD_ISR_SetVector
 .text.CSD_ISR_SetPriority
                0x00001d98       0x24 .\CortexM0p\ARM_GCC_493\Debug\Lighting_with_PSoC_ACP.a(CSD_ISR.o)
                0x00001d98                CSD_ISR_SetPriority
 .text.CSD_ISR_Enable
                0x00001dbc       0x10 .\CortexM0p\ARM_GCC_493\Debug\Lighting_with_PSoC_ACP.a(CSD_ISR.o)
                0x00001dbc                CSD_ISR_Enable
 .text.CSD_ISR_Disable
                0x00001dcc       0x10 .\CortexM0p\ARM_GCC_493\Debug\Lighting_with_PSoC_ACP.a(CSD_ISR.o)
                0x00001dcc                CSD_ISR_Disable
 .text.CSD_ISR_StartEx
                0x00001ddc       0x1c .\CortexM0p\ARM_GCC_493\Debug\Lighting_with_PSoC_ACP.a(CSD_ISR.o)
                0x00001ddc                CSD_ISR_StartEx
 .text.PIRAmplifierStage1_Init
                0x00001df8       0x2c .\CortexM0p\ARM_GCC_493\Debug\Lighting_with_PSoC_ACP.a(PIRAmplifierStage1.o)
                0x00001df8                PIRAmplifierStage1_Init
 .text.PIRAmplifierStage1_Enable
                0x00001e24       0x1c .\CortexM0p\ARM_GCC_493\Debug\Lighting_with_PSoC_ACP.a(PIRAmplifierStage1.o)
                0x00001e24                PIRAmplifierStage1_Enable
 .text.PIRAmplifierStage1_Start
                0x00001e40       0x20 .\CortexM0p\ARM_GCC_493\Debug\Lighting_with_PSoC_ACP.a(PIRAmplifierStage1.o)
                0x00001e40                PIRAmplifierStage1_Start
 .text.RefBuffer_Init
                0x00001e60       0x2c .\CortexM0p\ARM_GCC_493\Debug\Lighting_with_PSoC_ACP.a(RefBuffer.o)
                0x00001e60                RefBuffer_Init
 .text.RefBuffer_Enable
                0x00001e8c       0x1c .\CortexM0p\ARM_GCC_493\Debug\Lighting_with_PSoC_ACP.a(RefBuffer.o)
                0x00001e8c                RefBuffer_Enable
 .text.RefBuffer_Start
                0x00001ea8       0x20 .\CortexM0p\ARM_GCC_493\Debug\Lighting_with_PSoC_ACP.a(RefBuffer.o)
                0x00001ea8                RefBuffer_Start
 .text.PVref_Init
                0x00001ec8       0x1c .\CortexM0p\ARM_GCC_493\Debug\Lighting_with_PSoC_ACP.a(PVref.o)
                0x00001ec8                PVref_Init
 .text.PVref_Enable
                0x00001ee4       0x10 .\CortexM0p\ARM_GCC_493\Debug\Lighting_with_PSoC_ACP.a(PVref.o)
                0x00001ee4                PVref_Enable
 .text.PVref_Start
                0x00001ef4       0x20 .\CortexM0p\ARM_GCC_493\Debug\Lighting_with_PSoC_ACP.a(PVref.o)
                0x00001ef4                PVref_Start
 .text.PIRAmplifierStage2_Enable
                0x00001f14       0x1c .\CortexM0p\ARM_GCC_493\Debug\Lighting_with_PSoC_ACP.a(PIRAmplifierStage2.o)
                0x00001f14                PIRAmplifierStage2_Enable
 .text.PIRAmplifierStage2_SetGain
                0x00001f30       0x7c .\CortexM0p\ARM_GCC_493\Debug\Lighting_with_PSoC_ACP.a(PIRAmplifierStage2.o)
                0x00001f30                PIRAmplifierStage2_SetGain
 .text.PIRAmplifierStage2_Init
                0x00001fac       0x4c .\CortexM0p\ARM_GCC_493\Debug\Lighting_with_PSoC_ACP.a(PIRAmplifierStage2.o)
                0x00001fac                PIRAmplifierStage2_Init
 .text.PIRAmplifierStage2_Start
                0x00001ff8       0x20 .\CortexM0p\ARM_GCC_493\Debug\Lighting_with_PSoC_ACP.a(PIRAmplifierStage2.o)
                0x00001ff8                PIRAmplifierStage2_Start
 .text.Switch_Off_Timer_Int_SetVector
                0x00002018        0xc .\CortexM0p\ARM_GCC_493\Debug\Lighting_with_PSoC_ACP.a(Switch_Off_Timer_Int.o)
                0x00002018                Switch_Off_Timer_Int_SetVector
 .text.Switch_Off_Timer_Int_SetPriority
                0x00002024       0x20 .\CortexM0p\ARM_GCC_493\Debug\Lighting_with_PSoC_ACP.a(Switch_Off_Timer_Int.o)
                0x00002024                Switch_Off_Timer_Int_SetPriority
 .text.Switch_Off_Timer_Int_Enable
                0x00002044       0x10 .\CortexM0p\ARM_GCC_493\Debug\Lighting_with_PSoC_ACP.a(Switch_Off_Timer_Int.o)
                0x00002044                Switch_Off_Timer_Int_Enable
 .text.Switch_Off_Timer_Int_Disable
                0x00002054       0x10 .\CortexM0p\ARM_GCC_493\Debug\Lighting_with_PSoC_ACP.a(Switch_Off_Timer_Int.o)
                0x00002054                Switch_Off_Timer_Int_Disable
 .text.Switch_Off_Timer_Int_StartEx
                0x00002064       0x1c .\CortexM0p\ARM_GCC_493\Debug\Lighting_with_PSoC_ACP.a(Switch_Off_Timer_Int.o)
                0x00002064                Switch_Off_Timer_Int_StartEx
 .text.Switch_Off_Timer_WriteCounter
                0x00002080       0x10 .\CortexM0p\ARM_GCC_493\Debug\Lighting_with_PSoC_ACP.a(Switch_Off_Timer.o)
                0x00002080                Switch_Off_Timer_WriteCounter
 .text.Switch_Off_Timer_WritePeriod
                0x00002090       0x10 .\CortexM0p\ARM_GCC_493\Debug\Lighting_with_PSoC_ACP.a(Switch_Off_Timer.o)
                0x00002090                Switch_Off_Timer_WritePeriod
 .text.Switch_Off_Timer_TriggerCommand
                0x000020a0       0x1c .\CortexM0p\ARM_GCC_493\Debug\Lighting_with_PSoC_ACP.a(Switch_Off_Timer.o)
                0x000020a0                Switch_Off_Timer_TriggerCommand
 .text.Switch_Off_Timer_Enable
                0x000020bc       0x24 .\CortexM0p\ARM_GCC_493\Debug\Lighting_with_PSoC_ACP.a(Switch_Off_Timer.o)
                0x000020bc                Switch_Off_Timer_Enable
 .text.Switch_Off_Timer_SetInterruptMode
                0x000020e0        0xc .\CortexM0p\ARM_GCC_493\Debug\Lighting_with_PSoC_ACP.a(Switch_Off_Timer.o)
                0x000020e0                Switch_Off_Timer_SetInterruptMode
 .text.Switch_Off_Timer_Init
                0x000020ec       0x30 .\CortexM0p\ARM_GCC_493\Debug\Lighting_with_PSoC_ACP.a(Switch_Off_Timer.o)
                0x000020ec                Switch_Off_Timer_Init
 .text.Switch_Off_Timer_Start
                0x0000211c       0x20 .\CortexM0p\ARM_GCC_493\Debug\Lighting_with_PSoC_ACP.a(Switch_Off_Timer.o)
                0x0000211c                Switch_Off_Timer_Start
 .text.Switch_Off_Timer_ClearInterrupt
                0x0000213c        0xc .\CortexM0p\ARM_GCC_493\Debug\Lighting_with_PSoC_ACP.a(Switch_Off_Timer.o)
                0x0000213c                Switch_Off_Timer_ClearInterrupt
 .text.Millis_Update_Timer_Stop
                0x00002148       0x1c .\CortexM0p\ARM_GCC_493\Debug\Lighting_with_PSoC_ACP.a(Millis_Update_Timer.o)
                0x00002148                Millis_Update_Timer_Stop
 .text.Millis_Update_Timer_WriteCounter
                0x00002164       0x10 .\CortexM0p\ARM_GCC_493\Debug\Lighting_with_PSoC_ACP.a(Millis_Update_Timer.o)
                0x00002164                Millis_Update_Timer_WriteCounter
 .text.Millis_Update_Timer_WritePeriod
                0x00002174       0x10 .\CortexM0p\ARM_GCC_493\Debug\Lighting_with_PSoC_ACP.a(Millis_Update_Timer.o)
                0x00002174                Millis_Update_Timer_WritePeriod
 .text.Millis_Update_Timer_TriggerCommand
                0x00002184       0x1c .\CortexM0p\ARM_GCC_493\Debug\Lighting_with_PSoC_ACP.a(Millis_Update_Timer.o)
                0x00002184                Millis_Update_Timer_TriggerCommand
 .text.Millis_Update_Timer_Enable
                0x000021a0       0x24 .\CortexM0p\ARM_GCC_493\Debug\Lighting_with_PSoC_ACP.a(Millis_Update_Timer.o)
                0x000021a0                Millis_Update_Timer_Enable
 .text.Millis_Update_Timer_SetInterruptMode
                0x000021c4        0xc .\CortexM0p\ARM_GCC_493\Debug\Lighting_with_PSoC_ACP.a(Millis_Update_Timer.o)
                0x000021c4                Millis_Update_Timer_SetInterruptMode
 .text.Millis_Update_Timer_Init
                0x000021d0       0x2c .\CortexM0p\ARM_GCC_493\Debug\Lighting_with_PSoC_ACP.a(Millis_Update_Timer.o)
                0x000021d0                Millis_Update_Timer_Init
 .text.Millis_Update_Timer_Start
                0x000021fc       0x20 .\CortexM0p\ARM_GCC_493\Debug\Lighting_with_PSoC_ACP.a(Millis_Update_Timer.o)
                0x000021fc                Millis_Update_Timer_Start
 .text.Millis_Update_Timer_ClearInterrupt
                0x0000221c        0xc .\CortexM0p\ARM_GCC_493\Debug\Lighting_with_PSoC_ACP.a(Millis_Update_Timer.o)
                0x0000221c                Millis_Update_Timer_ClearInterrupt
 .text.Millis_Update_Timer_Int_SetVector
                0x00002228        0xc .\CortexM0p\ARM_GCC_493\Debug\Lighting_with_PSoC_ACP.a(Millis_Update_Timer_Int.o)
                0x00002228                Millis_Update_Timer_Int_SetVector
 .text.Millis_Update_Timer_Int_SetPriority
                0x00002234       0x24 .\CortexM0p\ARM_GCC_493\Debug\Lighting_with_PSoC_ACP.a(Millis_Update_Timer_Int.o)
                0x00002234                Millis_Update_Timer_Int_SetPriority
 .text.Millis_Update_Timer_Int_Enable
                0x00002258       0x10 .\CortexM0p\ARM_GCC_493\Debug\Lighting_with_PSoC_ACP.a(Millis_Update_Timer_Int.o)
                0x00002258                Millis_Update_Timer_Int_Enable
 .text.Millis_Update_Timer_Int_Disable
                0x00002268       0x10 .\CortexM0p\ARM_GCC_493\Debug\Lighting_with_PSoC_ACP.a(Millis_Update_Timer_Int.o)
                0x00002268                Millis_Update_Timer_Int_Disable
 .text.Millis_Update_Timer_Int_StartEx
                0x00002278       0x1c .\CortexM0p\ARM_GCC_493\Debug\Lighting_with_PSoC_ACP.a(Millis_Update_Timer_Int.o)
                0x00002278                Millis_Update_Timer_Int_StartEx
 .text.UART_SpiUartWriteTxData
                0x00002294       0x1c .\CortexM0p\ARM_GCC_493\Debug\Lighting_with_PSoC_ACP.a(UART_SPI_UART.o)
                0x00002294                UART_SpiUartWriteTxData
 .text.CySysFlashSetWaitCycles
                0x000022b0       0x54 .\CortexM0p\ARM_GCC_493\Debug\Lighting_with_PSoC_ACP.a(CyFlash.o)
                0x000022b0                CySysFlashSetWaitCycles
 .text.CySysPmSleep
                0x00002304       0x1c .\CortexM0p\ARM_GCC_493\Debug\Lighting_with_PSoC_ACP.a(cyPm.o)
                0x00002304                CySysPmSleep
 .text.CSD_CSDPostSingleScan
                0x00002320       0x78 .\CortexM0p\ARM_GCC_493\Debug\Lighting_with_PSoC_ACP.a(CSD_INT.o)
                0x00002320                CSD_CSDPostSingleScan
 .text.CSD_CSDPostMultiScan
                0x00002398      0x11c .\CortexM0p\ARM_GCC_493\Debug\Lighting_with_PSoC_ACP.a(CSD_INT.o)
                0x00002398                CSD_CSDPostMultiScan
 .text          0x000024b4      0x120 c:/program files (x86)/cypress/psoc creator/3.3/psoc creator/import/gnu/arm/4.9.3/bin/../lib/gcc/arm-none-eabi/4.9.3/armv6-m\libgcc.a(_udivsi3.o)
                0x000024b4                __aeabi_uidiv
                0x000024b4                __udivsi3
                0x000025c0                __aeabi_uidivmod
 .text          0x000025d4      0x1e0 c:/program files (x86)/cypress/psoc creator/3.3/psoc creator/import/gnu/arm/4.9.3/bin/../lib/gcc/arm-none-eabi/4.9.3/armv6-m\libgcc.a(_divsi3.o)
                0x000025d4                __divsi3
                0x000025d4                __aeabi_idiv
                0x000027a0                __aeabi_idivmod
 .text          0x000027b4        0x4 c:/program files (x86)/cypress/psoc creator/3.3/psoc creator/import/gnu/arm/4.9.3/bin/../lib/gcc/arm-none-eabi/4.9.3/armv6-m\libgcc.a(_dvmd_tls.o)
                0x000027b4                __aeabi_idiv0
                0x000027b4                __aeabi_ldiv0
 .text          0x000027b8       0x30 c:/program files (x86)/cypress/psoc creator/3.3/psoc creator/import/gnu/arm/4.9.3/bin/../lib/gcc/arm-none-eabi/4.9.3/armv6-m\libgcc.a(_fixunssfsi.o)
                0x000027b8                __fixunssfsi
                0x000027b8                __aeabi_f2uiz
 .text          0x000027e8      0x2f8 c:/program files (x86)/cypress/psoc creator/3.3/psoc creator/import/gnu/arm/4.9.3/bin/../lib/gcc/arm-none-eabi/4.9.3/armv6-m\libgcc.a(addsf3.o)
                0x000027e8                __aeabi_fadd
 .text          0x00002ae0      0x270 c:/program files (x86)/cypress/psoc creator/3.3/psoc creator/import/gnu/arm/4.9.3/bin/../lib/gcc/arm-none-eabi/4.9.3/armv6-m\libgcc.a(divsf3.o)
                0x00002ae0                __aeabi_fdiv
 .text          0x00002d50      0x264 c:/program files (x86)/cypress/psoc creator/3.3/psoc creator/import/gnu/arm/4.9.3/bin/../lib/gcc/arm-none-eabi/4.9.3/armv6-m\libgcc.a(mulsf3.o)
                0x00002d50                __aeabi_fmul
 .text          0x00002fb4      0x2fc c:/program files (x86)/cypress/psoc creator/3.3/psoc creator/import/gnu/arm/4.9.3/bin/../lib/gcc/arm-none-eabi/4.9.3/armv6-m\libgcc.a(subsf3.o)
                0x00002fb4                __aeabi_fsub
 .text          0x000032b0       0x40 c:/program files (x86)/cypress/psoc creator/3.3/psoc creator/import/gnu/arm/4.9.3/bin/../lib/gcc/arm-none-eabi/4.9.3/armv6-m\libgcc.a(fixsfsi.o)
                0x000032b0                __aeabi_f2iz
 .text          0x000032f0       0x90 c:/program files (x86)/cypress/psoc creator/3.3/psoc creator/import/gnu/arm/4.9.3/bin/../lib/gcc/arm-none-eabi/4.9.3/armv6-m\libgcc.a(floatsisf.o)
                0x000032f0                __aeabi_i2f
 .text          0x00003380      0x650 c:/program files (x86)/cypress/psoc creator/3.3/psoc creator/import/gnu/arm/4.9.3/bin/../lib/gcc/arm-none-eabi/4.9.3/armv6-m\libgcc.a(adddf3.o)
                0x00003380                __aeabi_dadd
 .text          0x000039d0      0x534 c:/program files (x86)/cypress/psoc creator/3.3/psoc creator/import/gnu/arm/4.9.3/bin/../lib/gcc/arm-none-eabi/4.9.3/armv6-m\libgcc.a(muldf3.o)
                0x000039d0                __aeabi_dmul
 .text          0x00003f04       0x78 c:/program files (x86)/cypress/psoc creator/3.3/psoc creator/import/gnu/arm/4.9.3/bin/../lib/gcc/arm-none-eabi/4.9.3/armv6-m\libgcc.a(floatsidf.o)
                0x00003f04                __aeabi_i2d
 .text          0x00003f7c       0xa8 c:/program files (x86)/cypress/psoc creator/3.3/psoc creator/import/gnu/arm/4.9.3/bin/../lib/gcc/arm-none-eabi/4.9.3/armv6-m\libgcc.a(extendsfdf2.o)
                0x00003f7c                __aeabi_f2d
 .text          0x00004024      0x120 c:/program files (x86)/cypress/psoc creator/3.3/psoc creator/import/gnu/arm/4.9.3/bin/../lib/gcc/arm-none-eabi/4.9.3/armv6-m\libgcc.a(truncdfsf2.o)
                0x00004024                __aeabi_d2f
 .text          0x00004144       0x74 c:/program files (x86)/cypress/psoc creator/3.3/psoc creator/import/gnu/arm/4.9.3/bin/../lib/gcc/arm-none-eabi/4.9.3/armv6-m\libgcc.a(_arm_cmpsf2.o)
                0x00004144                __aeabi_cfrcmple
                0x0000414c                __aeabi_cfcmpeq
                0x0000414c                __aeabi_cfcmple
                0x0000415c                __aeabi_fcmpeq
                0x00004168                __aeabi_fcmplt
                0x0000417c                __aeabi_fcmple
                0x00004190                __aeabi_fcmpgt
                0x000041a4                __aeabi_fcmpge
 .text          0x000041b8       0x3c c:/program files (x86)/cypress/psoc creator/3.3/psoc creator/import/gnu/arm/4.9.3/bin/../lib/gcc/arm-none-eabi/4.9.3/armv6-m\libgcc.a(_clzsi2.o)
                0x000041b8                __clzsi2
 .text          0x000041f4       0x54 c:/program files (x86)/cypress/psoc creator/3.3/psoc creator/import/gnu/arm/4.9.3/bin/../lib/gcc/arm-none-eabi/4.9.3/armv6-m\libgcc.a(eqsf2.o)
                0x000041f4                __eqsf2
                0x000041f4                __nesf2
 .text          0x00004248       0x94 c:/program files (x86)/cypress/psoc creator/3.3/psoc creator/import/gnu/arm/4.9.3/bin/../lib/gcc/arm-none-eabi/4.9.3/armv6-m\libgcc.a(gesf2.o)
                0x00004248                __gesf2
                0x00004248                __gtsf2
 .text          0x000042dc       0x8c c:/program files (x86)/cypress/psoc creator/3.3/psoc creator/import/gnu/arm/4.9.3/bin/../lib/gcc/arm-none-eabi/4.9.3/armv6-m\libgcc.a(lesf2.o)
                0x000042dc                __ltsf2
                0x000042dc                __lesf2
 .text.__errno  0x00004368        0xc c:/program files (x86)/cypress/psoc creator/3.3/psoc creator/import/gnu/arm/4.9.3/bin/../lib/gcc/arm-none-eabi/4.9.3/../../../../arm-none-eabi/lib/armv6-m\libg_nano.a(lib_a-errno.o)
                0x00004368                __errno
 .text.__libc_init_array
                0x00004374       0x4c c:/program files (x86)/cypress/psoc creator/3.3/psoc creator/import/gnu/arm/4.9.3/bin/../lib/gcc/arm-none-eabi/4.9.3/../../../../arm-none-eabi/lib/armv6-m\libg_nano.a(lib_a-init.o)
                0x00004374                __libc_init_array
 .text.memcpy   0x000043c0       0x12 c:/program files (x86)/cypress/psoc creator/3.3/psoc creator/import/gnu/arm/4.9.3/bin/../lib/gcc/arm-none-eabi/4.9.3/../../../../arm-none-eabi/lib/armv6-m\libg_nano.a(lib_a-memcpy.o)
                0x000043c0                memcpy
 .text.memset   0x000043d2       0x10 c:/program files (x86)/cypress/psoc creator/3.3/psoc creator/import/gnu/arm/4.9.3/bin/../lib/gcc/arm-none-eabi/4.9.3/../../../../arm-none-eabi/lib/armv6-m\libg_nano.a(lib_a-memset.o)
                0x000043d2                memset
 *fill*         0x000043e2        0x2 
 .text.sprintf  0x000043e4       0x44 c:/program files (x86)/cypress/psoc creator/3.3/psoc creator/import/gnu/arm/4.9.3/bin/../lib/gcc/arm-none-eabi/4.9.3/../../../../arm-none-eabi/lib/armv6-m\libg_nano.a(lib_a-sprintf.o)
                0x000043e4                siprintf
                0x000043e4                sprintf
 .text.__ssputs_r
                0x00004428       0xc0 c:/program files (x86)/cypress/psoc creator/3.3/psoc creator/import/gnu/arm/4.9.3/bin/../lib/gcc/arm-none-eabi/4.9.3/../../../../arm-none-eabi/lib/armv6-m\libg_nano.a(lib_a-nano-svfprintf.o)
                0x00004428                __ssputs_r
 .text._svfprintf_r
                0x000044e8      0x1ec c:/program files (x86)/cypress/psoc creator/3.3/psoc creator/import/gnu/arm/4.9.3/bin/../lib/gcc/arm-none-eabi/4.9.3/../../../../arm-none-eabi/lib/armv6-m\libg_nano.a(lib_a-nano-svfprintf.o)
                0x000044e8                _svfiprintf_r
                0x000044e8                _svfprintf_r
 .text._printf_common
                0x000046d4       0xdc c:/program files (x86)/cypress/psoc creator/3.3/psoc creator/import/gnu/arm/4.9.3/bin/../lib/gcc/arm-none-eabi/4.9.3/../../../../arm-none-eabi/lib/armv6-m\libg_nano.a(lib_a-nano-vfprintf_i.o)
                0x000046d4                _printf_common
 .text._printf_i
                0x000047b0      0x230 c:/program files (x86)/cypress/psoc creator/3.3/psoc creator/import/gnu/arm/4.9.3/bin/../lib/gcc/arm-none-eabi/4.9.3/../../../../arm-none-eabi/lib/armv6-m\libg_nano.a(lib_a-nano-vfprintf_i.o)
                0x000047b0                _printf_i
 .text.memchr   0x000049e0       0x16 c:/program files (x86)/cypress/psoc creator/3.3/psoc creator/import/gnu/arm/4.9.3/bin/../lib/gcc/arm-none-eabi/4.9.3/../../../../arm-none-eabi/lib/armv6-m\libg_nano.a(lib_a-memchr.o)
                0x000049e0                memchr
 .text.memmove  0x000049f6       0x28 c:/program files (x86)/cypress/psoc creator/3.3/psoc creator/import/gnu/arm/4.9.3/bin/../lib/gcc/arm-none-eabi/4.9.3/../../../../arm-none-eabi/lib/armv6-m\libg_nano.a(lib_a-memmove.o)
                0x000049f6                memmove
 *fill*         0x00004a1e        0x2 
 .text._free_r  0x00004a20       0x8c c:/program files (x86)/cypress/psoc creator/3.3/psoc creator/import/gnu/arm/4.9.3/bin/../lib/gcc/arm-none-eabi/4.9.3/../../../../arm-none-eabi/lib/armv6-m\libg_nano.a(lib_a-nano-freer.o)
                0x00004a20                _free_r
 .text._malloc_r
                0x00004aac       0xb0 c:/program files (x86)/cypress/psoc creator/3.3/psoc creator/import/gnu/arm/4.9.3/bin/../lib/gcc/arm-none-eabi/4.9.3/../../../../arm-none-eabi/lib/armv6-m\libg_nano.a(lib_a-nano-mallocr.o)
                0x00004aac                _malloc_r
 .text._realloc_r
                0x00004b5c       0x4c c:/program files (x86)/cypress/psoc creator/3.3/psoc creator/import/gnu/arm/4.9.3/bin/../lib/gcc/arm-none-eabi/4.9.3/../../../../arm-none-eabi/lib/armv6-m\libg_nano.a(lib_a-nano-reallocr.o)
                0x00004b5c                _realloc_r
 .text._sbrk_r  0x00004ba8       0x24 c:/program files (x86)/cypress/psoc creator/3.3/psoc creator/import/gnu/arm/4.9.3/bin/../lib/gcc/arm-none-eabi/4.9.3/../../../../arm-none-eabi/lib/armv6-m\libg_nano.a(lib_a-sbrkr.o)
                0x00004ba8                _sbrk_r
 .text._malloc_usable_size_r
                0x00004bcc       0x16 c:/program files (x86)/cypress/psoc creator/3.3/psoc creator/import/gnu/arm/4.9.3/bin/../lib/gcc/arm-none-eabi/4.9.3/../../../../arm-none-eabi/lib/armv6-m\libg_nano.a(lib_a-nano-msizer.o)
                0x00004bcc                _malloc_usable_size_r
 *(.plt)
 *(.gnu.warning)
 *(.glue_7t)
 .glue_7t       0x00000000        0x0 linker stubs
 *(.glue_7)
 .glue_7        0x00000000        0x0 linker stubs
 *(.vfp11_veneer)
 .vfp11_veneer  0x00000000        0x0 linker stubs
 *(.bootloader)
 *(.ARM.extab* .gnu.linkonce.armextab.*)
 *(.gcc_except_table)

.v4_bx          0x00004be4        0x0
 .v4_bx         0x00000000        0x0 linker stubs

.iplt           0x00004be4        0x0
 .iplt          0x00000000        0x0 c:/program files (x86)/cypress/psoc creator/3.3/psoc creator/import/gnu/arm/4.9.3/bin/../lib/gcc/arm-none-eabi/4.9.3/armv6-m/crtbegin.o

.eh_frame_hdr
 *(.eh_frame_hdr)

.eh_frame       0x00004be4        0x4
 *(.eh_frame)
 .eh_frame      0x00004be4        0x0 c:/program files (x86)/cypress/psoc creator/3.3/psoc creator/import/gnu/arm/4.9.3/bin/../lib/gcc/arm-none-eabi/4.9.3/armv6-m/crtbegin.o
 .eh_frame      0x00004be4        0x4 c:/program files (x86)/cypress/psoc creator/3.3/psoc creator/import/gnu/arm/4.9.3/bin/../lib/gcc/arm-none-eabi/4.9.3/armv6-m/crtend.o
                0x00004be8                PROVIDE (__exidx_start, .)

.ARM.exidx
 *(.ARM.exidx* .gnu.linkonce.armexidx.*)
                0x00004be8                __exidx_end = .

.rodata         0x00004be8      0x298
 *(.rodata .rodata.* .gnu.linkonce.r.*)
 .rodata.cst2   0x00004be8        0x2 .\CortexM0p\ARM_GCC_493\Debug\main.o
                                  0x4 (size before relaxing)
 *fill*         0x00004bea        0x2 
 .rodata.str1.4
                0x00004bec        0xc .\CortexM0p\ARM_GCC_493\Debug\main.o
 .rodata        0x00004bf8       0x18 .\CortexM0p\ARM_GCC_493\Debug\Lighting_with_PSoC_ACP.a(CyLib.o)
                0x00004bf8                cyImoFreqMhz2DpllOffset
 .rodata        0x00004c10        0xc .\CortexM0p\ARM_GCC_493\Debug\Lighting_with_PSoC_ACP.a(ADC.o)
 .rodata        0x00004c1c       0x44 .\CortexM0p\ARM_GCC_493\Debug\Lighting_with_PSoC_ACP.a(ADC_INIT.o)
                0x00004c1c                ADC_InputsPlacement
                0x00004c28                ADC_allConfigs
 .rodata        0x00004c60       0x68 .\CortexM0p\ARM_GCC_493\Debug\Lighting_with_PSoC_ACP.a(CSD_Structure.o)
                0x00004c64                CSD_dsFlash
                0x00004c90                CSD_ioList
 .rodata        0x00004cc8        0x1 .\CortexM0p\ARM_GCC_493\Debug\Lighting_with_PSoC_ACP.a(CSD_Sensing.o)
                0x00004cc8                CSD_scanFreqIndex
 *fill*         0x00004cc9        0x3 
 .rodata        0x00004ccc       0x48 .\CortexM0p\ARM_GCC_493\Debug\Lighting_with_PSoC_ACP.a(PIRAmplifierStage2.o)
                0x00004ccc                PIRAmplifierStage2_compTab
 .rodata        0x00004d14       0x80 c:/program files (x86)/cypress/psoc creator/3.3/psoc creator/import/gnu/arm/4.9.3/bin/../lib/gcc/arm-none-eabi/4.9.3/armv6-m\libgcc.a(divsf3.o)
 .rodata        0x00004d94       0x40 c:/program files (x86)/cypress/psoc creator/3.3/psoc creator/import/gnu/arm/4.9.3/bin/../lib/gcc/arm-none-eabi/4.9.3/armv6-m\libgcc.a(mulsf3.o)
 .rodata        0x00004dd4       0x40 c:/program files (x86)/cypress/psoc creator/3.3/psoc creator/import/gnu/arm/4.9.3/bin/../lib/gcc/arm-none-eabi/4.9.3/armv6-m\libgcc.a(muldf3.o)
 .rodata.str1.1
                0x00004e14        0x2 c:/program files (x86)/cypress/psoc creator/3.3/psoc creator/import/gnu/arm/4.9.3/bin/../lib/gcc/arm-none-eabi/4.9.3/../../../../arm-none-eabi/lib/armv6-m\libg_nano.a(lib_a-impure.o)
 .rodata.str1.1
                0x00004e16       0x11 c:/program files (x86)/cypress/psoc creator/3.3/psoc creator/import/gnu/arm/4.9.3/bin/../lib/gcc/arm-none-eabi/4.9.3/../../../../arm-none-eabi/lib/armv6-m\libg_nano.a(lib_a-nano-svfprintf.o)
 .rodata.str1.1
                0x00004e27       0x22 c:/program files (x86)/cypress/psoc creator/3.3/psoc creator/import/gnu/arm/4.9.3/bin/../lib/gcc/arm-none-eabi/4.9.3/../../../../arm-none-eabi/lib/armv6-m\libg_nano.a(lib_a-nano-vfprintf_i.o)
                0x00004e4c                . = ALIGN (0x4)
 *fill*         0x00004e49        0x3 
 *(.init)
 .init          0x00004e4c        0x4 c:/program files (x86)/cypress/psoc creator/3.3/psoc creator/import/gnu/arm/4.9.3/bin/../lib/gcc/arm-none-eabi/4.9.3/armv6-m/crti.o
                0x00004e4c                _init
 .init          0x00004e50        0x8 c:/program files (x86)/cypress/psoc creator/3.3/psoc creator/import/gnu/arm/4.9.3/bin/../lib/gcc/arm-none-eabi/4.9.3/armv6-m/crtn.o
                0x00004e58                . = ALIGN (0x4)
                0x00004e58                __preinit_array_start = .
 *(.preinit_array)
                0x00004e58                __preinit_array_end = .
                0x00004e58                . = ALIGN (0x4)
                0x00004e58                __init_array_start = .
 *(SORT(.init_array.*))
 *(.init_array)
 .init_array    0x00004e58        0x4 c:/program files (x86)/cypress/psoc creator/3.3/psoc creator/import/gnu/arm/4.9.3/bin/../lib/gcc/arm-none-eabi/4.9.3/armv6-m/crtbegin.o
 .init_array    0x00004e5c        0x4 .\CortexM0p\ARM_GCC_493\Debug\Cm0plusStart.o
                0x00004e60                __init_array_end = .
                0x00004e60                . = ALIGN (0x4)
 *(.fini)
 .fini          0x00004e60        0x4 c:/program files (x86)/cypress/psoc creator/3.3/psoc creator/import/gnu/arm/4.9.3/bin/../lib/gcc/arm-none-eabi/4.9.3/armv6-m/crti.o
                0x00004e60                _fini
 .fini          0x00004e64        0x8 c:/program files (x86)/cypress/psoc creator/3.3/psoc creator/import/gnu/arm/4.9.3/bin/../lib/gcc/arm-none-eabi/4.9.3/armv6-m/crtn.o
                0x00004e6c                . = ALIGN (0x4)
                0x00004e6c                __fini_array_start = .
 *(.fini_array)
 .fini_array    0x00004e6c        0x4 c:/program files (x86)/cypress/psoc creator/3.3/psoc creator/import/gnu/arm/4.9.3/bin/../lib/gcc/arm-none-eabi/4.9.3/armv6-m/crtbegin.o
 *(SORT(.fini_array.*))
                0x00004e70                __fini_array_end = .
                0x00004e70                . = ALIGN (0x4)
 *crtbegin.o(.ctors)
 *(EXCLUDE_FILE(*crtend.o) .ctors)
 *(SORT(.ctors.*))
 *crtend.o(.ctors)
                0x00004e70                . = ALIGN (0x4)
 *crtbegin.o(.dtors)
 *(EXCLUDE_FILE(*crtend.o) .dtors)
 *(SORT(.dtors.*))
 *crtend.o(.dtors)
                0x00004e70                . = ALIGN (0x4)
                0x00004e70                __cy_regions = .
                0x00004e70        0x4 LONG 0x4e80 __cy_region_init_ram
                0x00004e74        0x4 LONG 0x200000b0 __cy_region_start_data
                0x00004e78        0x4 LONG 0x88 __cy_region_init_size_ram
                0x00004e7c        0x4 LONG 0x168 __cy_region_zero_size_ram
                0x00004e80                __cy_regions_end = .
                0x00004e80                . = ALIGN (0x8)
                0x00004e80                _etext = .

.cy_checksum_exclude
                0x00004e80        0x0
 *(.cy_checksum_exclude)

.ramvectors     0x20000000       0xa4
                0x20000000                __cy_region_start_ram = .
 *(.ramvectors)
 .ramvectors    0x20000000       0xa4 .\CortexM0p\ARM_GCC_493\Debug\Cm0plusStart.o
                0x20000000                CyRamVectors

.noinit         0x200000a8        0x4
 *(.noinit)
 .noinit        0x200000a8        0x4 .\CortexM0p\ARM_GCC_493\Debug\Cm0plusStart.o

.data           0x200000b0       0x88 load address 0x00004e80
                0x200000b0                __cy_region_start_data = .
 *(.jcr)
 .jcr           0x200000b0        0x0 c:/program files (x86)/cypress/psoc creator/3.3/psoc creator/import/gnu/arm/4.9.3/bin/../lib/gcc/arm-none-eabi/4.9.3/armv6-m/crtbegin.o
 .jcr           0x200000b0        0x4 c:/program files (x86)/cypress/psoc creator/3.3/psoc creator/import/gnu/arm/4.9.3/bin/../lib/gcc/arm-none-eabi/4.9.3/armv6-m/crtend.o
 *(.got.plt)
 *(.got)
 *(.shdata)
 *(.data .data.* .gnu.linkonce.d.*)
 .data          0x200000b4        0x4 .\CortexM0p\ARM_GCC_493\Debug\Cm0plusStart.o
 .data          0x200000b8       0x10 .\CortexM0p\ARM_GCC_493\Debug\Lighting_with_PSoC_ACP.a(CyLib.o)
                0x200000b8                cydelay32kMs
                0x200000bc                cydelayFreqKhz
                0x200000c0                cydelayFreqMhz
                0x200000c4                cydelayFreqHz
 .data          0x200000c8        0x4 .\CortexM0p\ARM_GCC_493\Debug\Lighting_with_PSoC_ACP.a(CyLFClk.o)
 .data          0x200000cc        0x4 .\CortexM0p\ARM_GCC_493\Debug\Lighting_with_PSoC_ACP.a(CSD_SensingCSD_LL.o)
                0x200000cc                CSD_configCsd
 .data.impure_data
                0x200000d0       0x60 c:/program files (x86)/cypress/psoc creator/3.3/psoc creator/import/gnu/arm/4.9.3/bin/../lib/gcc/arm-none-eabi/4.9.3/../../../../arm-none-eabi/lib/armv6-m\libg_nano.a(lib_a-impure.o)
 .data._impure_ptr
                0x20000130        0x4 c:/program files (x86)/cypress/psoc creator/3.3/psoc creator/import/gnu/arm/4.9.3/bin/../lib/gcc/arm-none-eabi/4.9.3/../../../../arm-none-eabi/lib/armv6-m\libg_nano.a(lib_a-impure.o)
                0x20000130                _impure_ptr
                0x20000138                . = ALIGN (0x8)
 *fill*         0x20000134        0x4 
 *(.ram)
                0x20000138                _edata = .

.igot.plt       0x20000138        0x0 load address 0x00004f08
 .igot.plt      0x00000000        0x0 c:/program files (x86)/cypress/psoc creator/3.3/psoc creator/import/gnu/arm/4.9.3/bin/../lib/gcc/arm-none-eabi/4.9.3/armv6-m/crtbegin.o

.bss            0x20000138      0x168 load address 0x00004f08
                0x20000138                PROVIDE (__bss_start__, .)
 *(.shbss)
 *(.bss .bss.* .gnu.linkonce.b.*)
 .bss           0x20000138       0x1c c:/program files (x86)/cypress/psoc creator/3.3/psoc creator/import/gnu/arm/4.9.3/bin/../lib/gcc/arm-none-eabi/4.9.3/armv6-m/crtbegin.o
 .bss           0x20000154        0x8 .\CortexM0p\ARM_GCC_493\Debug\main.o
                0x20000154                data
 .bss           0x2000015c        0x1 .\CortexM0p\ARM_GCC_493\Debug\Lighting_with_PSoC_ACP.a(PWM_LED_STRIP.o)
                0x2000015c                PWM_LED_Strip_initVar
 *fill*         0x2000015d        0x1 
 .bss           0x2000015e        0x4 .\CortexM0p\ARM_GCC_493\Debug\Lighting_with_PSoC_ACP.a(UART.o)
                0x2000015e                UART_initVar
                0x20000160                UART_IntrTxMask
 *fill*         0x20000162        0x2 
 .bss           0x20000164       0x18 .\CortexM0p\ARM_GCC_493\Debug\Lighting_with_PSoC_ACP.a(CyLFClk.o)
 .bss           0x2000017c        0xc .\CortexM0p\ARM_GCC_493\Debug\Lighting_with_PSoC_ACP.a(ADC.o)
                0x20000184                ADC_initVar
                0x20000185                ADC_selected
 .bss           0x20000188        0x1 .\CortexM0p\ARM_GCC_493\Debug\Lighting_with_PSoC_ACP.a(CSD_Control.o)
 *fill*         0x20000189        0x3 
 .bss           0x2000018c        0x8 .\CortexM0p\ARM_GCC_493\Debug\Lighting_with_PSoC_ACP.a(CSD_Structure.o)
 .bss           0x20000194        0x4 .\CortexM0p\ARM_GCC_493\Debug\Lighting_with_PSoC_ACP.a(CSD_Tuner.o)
 .bss           0x20000198        0x3 .\CortexM0p\ARM_GCC_493\Debug\Lighting_with_PSoC_ACP.a(CSD_Sensing.o)
                0x20000198                CSD_requestScanAllWidget
                0x20000199                CSD_sensorIndex
                0x2000019a                CSD_widgetIndex
 *fill*         0x2000019b        0x1 
 .bss           0x2000019c        0x8 .\CortexM0p\ARM_GCC_493\Debug\Lighting_with_PSoC_ACP.a(CSD_SensingCSD_LL.o)
 .bss           0x200001a4        0x8 .\CortexM0p\ARM_GCC_493\Debug\Lighting_with_PSoC_ACP.a(PIRAmplifierStage1.o)
                0x200001a8                PIRAmplifierStage1_initVar
 .bss           0x200001ac        0x8 .\CortexM0p\ARM_GCC_493\Debug\Lighting_with_PSoC_ACP.a(RefBuffer.o)
                0x200001b0                RefBuffer_initVar
 .bss           0x200001b4        0x1 .\CortexM0p\ARM_GCC_493\Debug\Lighting_with_PSoC_ACP.a(PVref.o)
                0x200001b4                PVref_initVar
 *fill*         0x200001b5        0x3 
 .bss           0x200001b8        0x8 .\CortexM0p\ARM_GCC_493\Debug\Lighting_with_PSoC_ACP.a(PIRAmplifierStage2.o)
                0x200001b8                PIRAmplifierStage2_internalGainPower
                0x200001bc                PIRAmplifierStage2_initVar
 .bss           0x200001c0        0x1 .\CortexM0p\ARM_GCC_493\Debug\Lighting_with_PSoC_ACP.a(Switch_Off_Timer.o)
                0x200001c0                Switch_Off_Timer_initVar
 .bss           0x200001c1        0x1 .\CortexM0p\ARM_GCC_493\Debug\Lighting_with_PSoC_ACP.a(Millis_Update_Timer.o)
                0x200001c1                Millis_Update_Timer_initVar
 *fill*         0x200001c2        0x2 
 .bss.__malloc_sbrk_start
                0x200001c4        0x4 c:/program files (x86)/cypress/psoc creator/3.3/psoc creator/import/gnu/arm/4.9.3/bin/../lib/gcc/arm-none-eabi/4.9.3/../../../../arm-none-eabi/lib/armv6-m\libg_nano.a(lib_a-nano-mallocr.o)
                0x200001c4                __malloc_sbrk_start
 .bss.__malloc_free_list
                0x200001c8        0x4 c:/program files (x86)/cypress/psoc creator/3.3/psoc creator/import/gnu/arm/4.9.3/bin/../lib/gcc/arm-none-eabi/4.9.3/../../../../arm-none-eabi/lib/armv6-m\libg_nano.a(lib_a-nano-mallocr.o)
                0x200001c8                __malloc_free_list
 *(COMMON)
 COMMON         0x200001cc       0x70 .\CortexM0p\ARM_GCC_493\Debug\main.o
                0x200001cc                switchedOn
                0x200001d0                audioWindow
                0x20000234                arrayIndex
                0x20000238                millis
 COMMON         0x2000023c       0x12 .\CortexM0p\ARM_GCC_493\Debug\Lighting_with_PSoC_ACP.a(ADC.o)
                0x2000023c                ADC_countsPer10Volt
                0x20000248                ADC_offset
 *fill*         0x2000024e        0x2 
 COMMON         0x20000250       0x44 .\CortexM0p\ARM_GCC_493\Debug\Lighting_with_PSoC_ACP.a(CSD_Structure.o)
                0x20000250                CSD_dsRam
 COMMON         0x20000294        0x4 .\CortexM0p\ARM_GCC_493\Debug\Lighting_with_PSoC_ACP.a(CSD_Sensing.o)
                0x20000294                CSD_curRamSnsPtr
 COMMON         0x20000298        0x4 c:/program files (x86)/cypress/psoc creator/3.3/psoc creator/import/gnu/arm/4.9.3/bin/../lib/gcc/arm-none-eabi/4.9.3/../../../../arm-none-eabi/lib/armv6-m\libg_nano.a(lib_a-reent.o)
                0x20000298                errno
                0x200002a0                . = ALIGN (0x8)
 *fill*         0x2000029c        0x4 
 *(.ram.b)
                0x200002a0                _end = .
                0x200002a0                __end = .
                0x200002a0                PROVIDE (end, .)
                0x200002a0                PROVIDE (__bss_end__, .)
                0x00004e80                __cy_region_init_ram = LOADADDR (.data)
                0x00000088                __cy_region_init_size_ram = (_edata - ADDR (.data))
                0x00000168                __cy_region_zero_size_ram = (_end - _edata)

.heap           0x200002a0       0x80 load address 0x00004f08
                0x200002a0                . = _end
                0x20000320                . = (. + 0x80)
 *fill*         0x200002a0       0x80 
                0x20000320                __cy_heap_limit = .

.stack          0x20000c00      0x400
                0x20000c00                __cy_stack_limit = .
                0x20001000                . = (. + 0x400)
 *fill*         0x20000c00      0x400 
                0x00000001                ASSERT ((__cy_stack_limit >= __cy_heap_limit), region RAM overflowed with stack)
                0x00000000                cy_checksum_exclude_size = (CY_APPL_LOADABLE == 0x1)?SIZEOF (.cy_checksum_exclude):0x0
                0x00000001                ASSERT ((cy_checksum_exclude_size <= CY_CHECKSUM_EXCLUDE_SIZE), CY_BOOT: Section .cy_checksum_exclude size exceedes specified limit.)
                0x00007fc0                cyloadermeta_start = (cy_project_type_bootloader || cy_project_type_app_for_stack_and_copier)?(0x8000 - CY_METADATA_SIZE):0xf0000000

.cyloadermeta
 *(.cyloadermeta)
                0x00007fc0                cyloadablemeta_start = cy_project_type_app_for_stack_and_copier?((0x8000 - CY_FLASH_ROW_SIZE) - CY_METADATA_SIZE):((0x8000 - (CY_FLASH_ROW_SIZE * (CY_APPL_NUM - 0x1))) - CY_METADATA_SIZE)

.cyloadablemeta
 *(.cyloadablemeta)

.cyflashprotect
                0x90400000       0x20
 *(.cyflashprotect)
 .cyflashprotect
                0x90400000       0x20 .\CortexM0p\ARM_GCC_493\Debug\cymetadata.o
                0x90400000                cy_meta_flashprotect

.cymeta         0x90500000        0xc
 *(.cymeta)
 .cymeta        0x90500000        0xc .\CortexM0p\ARM_GCC_493\Debug\cymetadata.o
                0x90500000                cy_metadata

.cychipprotect  0x90600000        0x4
 *(.cychipprotect)
 .cychipprotect
                0x90600000        0x4 .\CortexM0p\ARM_GCC_493\Debug\cymetadata.o
                0x90600000                cy_meta_chipprotect

.rel.dyn        0x00004f08        0x0 load address 0x90600004
 .rel.iplt      0x00000000        0x0 c:/program files (x86)/cypress/psoc creator/3.3/psoc creator/import/gnu/arm/4.9.3/bin/../lib/gcc/arm-none-eabi/4.9.3/armv6-m/crtbegin.o

.stab
 *(.stab)

.stabstr
 *(.stabstr)

.debug
 *(.debug)

.line
 *(.line)

.debug_srcinfo
 *(.debug_srcinfo)

.debug_sfnames
 *(.debug_sfnames)

.debug_aranges  0x00000000     0x1320
 *(.debug_aranges)
 .debug_aranges
                0x00000000       0x68 .\CortexM0p\ARM_GCC_493\Debug\main.o
 .debug_aranges
                0x00000068       0x18 .\CortexM0p\ARM_GCC_493\Debug\cymetadata.o
 .debug_aranges
                0x00000080       0x48 .\CortexM0p\ARM_GCC_493\Debug\Cm0plusStart.o
 .debug_aranges
                0x000000c8       0x38 .\CortexM0p\ARM_GCC_493\Debug\Lighting_with_PSoC_ACP.a(cyfitter_cfg.o)
 .debug_aranges
                0x00000100       0x48 .\CortexM0p\ARM_GCC_493\Debug\Lighting_with_PSoC_ACP.a(LED_BLUE.o)
 .debug_aranges
                0x00000148       0x48 .\CortexM0p\ARM_GCC_493\Debug\Lighting_with_PSoC_ACP.a(LED_GREEN.o)
 .debug_aranges
                0x00000190       0x48 .\CortexM0p\ARM_GCC_493\Debug\Lighting_with_PSoC_ACP.a(LED_RED.o)
 .debug_aranges
                0x000001d8      0x158 .\CortexM0p\ARM_GCC_493\Debug\Lighting_with_PSoC_ACP.a(PWM_LED_STRIP.o)
 .debug_aranges
                0x00000330       0x58 .\CortexM0p\ARM_GCC_493\Debug\Lighting_with_PSoC_ACP.a(UART.o)
 .debug_aranges
                0x00000388       0x88 .\CortexM0p\ARM_GCC_493\Debug\Lighting_with_PSoC_ACP.a(UART_UART.o)
 .debug_aranges
                0x00000410       0x20 .\CortexM0p\ARM_GCC_493\Debug\Lighting_with_PSoC_ACP.a(CyBootAsmGnu.o)
 .debug_aranges
                0x00000430      0x1e8 .\CortexM0p\ARM_GCC_493\Debug\Lighting_with_PSoC_ACP.a(CyLib.o)
 .debug_aranges
                0x00000618      0x1a8 .\CortexM0p\ARM_GCC_493\Debug\Lighting_with_PSoC_ACP.a(CyLFClk.o)
 .debug_aranges
                0x000007c0       0xe0 .\CortexM0p\ARM_GCC_493\Debug\Lighting_with_PSoC_ACP.a(ADC.o)
 .debug_aranges
                0x000008a0       0x18 .\CortexM0p\ARM_GCC_493\Debug\Lighting_with_PSoC_ACP.a(ADC_INIT.o)
 .debug_aranges
                0x000008b8       0x20 .\CortexM0p\ARM_GCC_493\Debug\Lighting_with_PSoC_ACP.a(ADC_INT.o)
 .debug_aranges
                0x000008d8       0x40 .\CortexM0p\ARM_GCC_493\Debug\Lighting_with_PSoC_ACP.a(ADC_intSarClock.o)
 .debug_aranges
                0x00000918       0x80 .\CortexM0p\ARM_GCC_493\Debug\Lighting_with_PSoC_ACP.a(ADC_IRQ.o)
 .debug_aranges
                0x00000998       0x68 .\CortexM0p\ARM_GCC_493\Debug\Lighting_with_PSoC_ACP.a(CSD_Control.o)
 .debug_aranges
                0x00000a00       0x48 .\CortexM0p\ARM_GCC_493\Debug\Lighting_with_PSoC_ACP.a(CSD_Processing.o)
 .debug_aranges
                0x00000a48       0x50 .\CortexM0p\ARM_GCC_493\Debug\Lighting_with_PSoC_ACP.a(CSD_Structure.o)
 .debug_aranges
                0x00000a98       0x28 .\CortexM0p\ARM_GCC_493\Debug\Lighting_with_PSoC_ACP.a(CSD_Tuner.o)
 .debug_aranges
                0x00000ac0       0xa0 .\CortexM0p\ARM_GCC_493\Debug\Lighting_with_PSoC_ACP.a(CSD_Filter.o)
 .debug_aranges
                0x00000b60       0x90 .\CortexM0p\ARM_GCC_493\Debug\Lighting_with_PSoC_ACP.a(CSD_Sensing.o)
 .debug_aranges
                0x00000bf0       0xe0 .\CortexM0p\ARM_GCC_493\Debug\Lighting_with_PSoC_ACP.a(CSD_SensingCSD_LL.o)
 .debug_aranges
                0x00000cd0       0x80 .\CortexM0p\ARM_GCC_493\Debug\Lighting_with_PSoC_ACP.a(CSD_ISR.o)
 .debug_aranges
                0x00000d50       0x48 .\CortexM0p\ARM_GCC_493\Debug\Lighting_with_PSoC_ACP.a(PIRAmplifierStage1.o)
 .debug_aranges
                0x00000d98       0x48 .\CortexM0p\ARM_GCC_493\Debug\Lighting_with_PSoC_ACP.a(RefBuffer.o)
 .debug_aranges
                0x00000de0       0x48 .\CortexM0p\ARM_GCC_493\Debug\Lighting_with_PSoC_ACP.a(PVref.o)
 .debug_aranges
                0x00000e28       0x50 .\CortexM0p\ARM_GCC_493\Debug\Lighting_with_PSoC_ACP.a(PIRAmplifierStage2.o)
 .debug_aranges
                0x00000e78       0x80 .\CortexM0p\ARM_GCC_493\Debug\Lighting_with_PSoC_ACP.a(Switch_Off_Timer_Int.o)
 .debug_aranges
                0x00000ef8      0x158 .\CortexM0p\ARM_GCC_493\Debug\Lighting_with_PSoC_ACP.a(Switch_Off_Timer.o)
 .debug_aranges
                0x00001050      0x158 .\CortexM0p\ARM_GCC_493\Debug\Lighting_with_PSoC_ACP.a(Millis_Update_Timer.o)
 .debug_aranges
                0x000011a8       0x80 .\CortexM0p\ARM_GCC_493\Debug\Lighting_with_PSoC_ACP.a(Millis_Update_Timer_Int.o)
 .debug_aranges
                0x00001228       0x60 .\CortexM0p\ARM_GCC_493\Debug\Lighting_with_PSoC_ACP.a(UART_SPI_UART.o)
 .debug_aranges
                0x00001288       0x40 .\CortexM0p\ARM_GCC_493\Debug\Lighting_with_PSoC_ACP.a(CyFlash.o)
 .debug_aranges
                0x000012c8       0x30 .\CortexM0p\ARM_GCC_493\Debug\Lighting_with_PSoC_ACP.a(cyPm.o)
 .debug_aranges
                0x000012f8       0x28 .\CortexM0p\ARM_GCC_493\Debug\Lighting_with_PSoC_ACP.a(CSD_INT.o)

.debug_pubnames
 *(.debug_pubnames)

.debug_info     0x00000000     0xcb1b
 *(.debug_info .gnu.linkonce.wi.*)
 .debug_info    0x00000000      0xc2c .\CortexM0p\ARM_GCC_493\Debug\main.o
 .debug_info    0x00000c2c       0xfe .\CortexM0p\ARM_GCC_493\Debug\cymetadata.o
 .debug_info    0x00000d2a      0x38b .\CortexM0p\ARM_GCC_493\Debug\Cm0plusStart.o
 .debug_info    0x000010b5      0x1ef .\CortexM0p\ARM_GCC_493\Debug\Lighting_with_PSoC_ACP.a(cyfitter_cfg.o)
 .debug_info    0x000012a4      0x19d .\CortexM0p\ARM_GCC_493\Debug\Lighting_with_PSoC_ACP.a(LED_BLUE.o)
 .debug_info    0x00001441      0x19d .\CortexM0p\ARM_GCC_493\Debug\Lighting_with_PSoC_ACP.a(LED_GREEN.o)
 .debug_info    0x000015de      0x19d .\CortexM0p\ARM_GCC_493\Debug\Lighting_with_PSoC_ACP.a(LED_RED.o)
 .debug_info    0x0000177b      0x903 .\CortexM0p\ARM_GCC_493\Debug\Lighting_with_PSoC_ACP.a(PWM_LED_STRIP.o)
 .debug_info    0x0000207e      0x227 .\CortexM0p\ARM_GCC_493\Debug\Lighting_with_PSoC_ACP.a(UART.o)
 .debug_info    0x000022a5      0x369 .\CortexM0p\ARM_GCC_493\Debug\Lighting_with_PSoC_ACP.a(UART_UART.o)
 .debug_info    0x0000260e       0x8d .\CortexM0p\ARM_GCC_493\Debug\Lighting_with_PSoC_ACP.a(CyBootAsmGnu.o)
 .debug_info    0x0000269b      0xdd5 .\CortexM0p\ARM_GCC_493\Debug\Lighting_with_PSoC_ACP.a(CyLib.o)
 .debug_info    0x00003470      0xd04 .\CortexM0p\ARM_GCC_493\Debug\Lighting_with_PSoC_ACP.a(CyLFClk.o)
 .debug_info    0x00004174      0xa15 .\CortexM0p\ARM_GCC_493\Debug\Lighting_with_PSoC_ACP.a(ADC.o)
 .debug_info    0x00004b89      0x1ac .\CortexM0p\ARM_GCC_493\Debug\Lighting_with_PSoC_ACP.a(ADC_INIT.o)
 .debug_info    0x00004d35       0xc4 .\CortexM0p\ARM_GCC_493\Debug\Lighting_with_PSoC_ACP.a(ADC_INT.o)
 .debug_info    0x00004df9      0x166 .\CortexM0p\ARM_GCC_493\Debug\Lighting_with_PSoC_ACP.a(ADC_intSarClock.o)
 .debug_info    0x00004f5f      0x300 .\CortexM0p\ARM_GCC_493\Debug\Lighting_with_PSoC_ACP.a(ADC_IRQ.o)
 .debug_info    0x0000525f      0x9ea .\CortexM0p\ARM_GCC_493\Debug\Lighting_with_PSoC_ACP.a(CSD_Control.o)
 .debug_info    0x00005c49      0x9b2 .\CortexM0p\ARM_GCC_493\Debug\Lighting_with_PSoC_ACP.a(CSD_Processing.o)
 .debug_info    0x000065fb      0xa53 .\CortexM0p\ARM_GCC_493\Debug\Lighting_with_PSoC_ACP.a(CSD_Structure.o)
 .debug_info    0x0000704e      0x594 .\CortexM0p\ARM_GCC_493\Debug\Lighting_with_PSoC_ACP.a(CSD_Tuner.o)
 .debug_info    0x000075e2      0xb69 .\CortexM0p\ARM_GCC_493\Debug\Lighting_with_PSoC_ACP.a(CSD_Filter.o)
 .debug_info    0x0000814b      0xaaf .\CortexM0p\ARM_GCC_493\Debug\Lighting_with_PSoC_ACP.a(CSD_Sensing.o)
 .debug_info    0x00008bfa      0xfa1 .\CortexM0p\ARM_GCC_493\Debug\Lighting_with_PSoC_ACP.a(CSD_SensingCSD_LL.o)
 .debug_info    0x00009b9b      0x300 .\CortexM0p\ARM_GCC_493\Debug\Lighting_with_PSoC_ACP.a(CSD_ISR.o)
 .debug_info    0x00009e9b      0x17c .\CortexM0p\ARM_GCC_493\Debug\Lighting_with_PSoC_ACP.a(PIRAmplifierStage1.o)
 .debug_info    0x0000a017      0x17c .\CortexM0p\ARM_GCC_493\Debug\Lighting_with_PSoC_ACP.a(RefBuffer.o)
 .debug_info    0x0000a193      0x15e .\CortexM0p\ARM_GCC_493\Debug\Lighting_with_PSoC_ACP.a(PVref.o)
 .debug_info    0x0000a2f1      0x202 .\CortexM0p\ARM_GCC_493\Debug\Lighting_with_PSoC_ACP.a(PIRAmplifierStage2.o)
 .debug_info    0x0000a4f3      0x300 .\CortexM0p\ARM_GCC_493\Debug\Lighting_with_PSoC_ACP.a(Switch_Off_Timer_Int.o)
 .debug_info    0x0000a7f3      0x8f1 .\CortexM0p\ARM_GCC_493\Debug\Lighting_with_PSoC_ACP.a(Switch_Off_Timer.o)
 .debug_info    0x0000b0e4      0x8ef .\CortexM0p\ARM_GCC_493\Debug\Lighting_with_PSoC_ACP.a(Millis_Update_Timer.o)
 .debug_info    0x0000b9d3      0x300 .\CortexM0p\ARM_GCC_493\Debug\Lighting_with_PSoC_ACP.a(Millis_Update_Timer_Int.o)
 .debug_info    0x0000bcd3      0x219 .\CortexM0p\ARM_GCC_493\Debug\Lighting_with_PSoC_ACP.a(UART_SPI_UART.o)
 .debug_info    0x0000beec      0x361 .\CortexM0p\ARM_GCC_493\Debug\Lighting_with_PSoC_ACP.a(CyFlash.o)
 .debug_info    0x0000c24d      0x17b .\CortexM0p\ARM_GCC_493\Debug\Lighting_with_PSoC_ACP.a(cyPm.o)
 .debug_info    0x0000c3c8      0x753 .\CortexM0p\ARM_GCC_493\Debug\Lighting_with_PSoC_ACP.a(CSD_INT.o)

.debug_abbrev   0x00000000     0x3575
 *(.debug_abbrev)
 .debug_abbrev  0x00000000      0x301 .\CortexM0p\ARM_GCC_493\Debug\main.o
 .debug_abbrev  0x00000301       0x5d .\CortexM0p\ARM_GCC_493\Debug\cymetadata.o
 .debug_abbrev  0x0000035e      0x1f7 .\CortexM0p\ARM_GCC_493\Debug\Cm0plusStart.o
 .debug_abbrev  0x00000555      0x10d .\CortexM0p\ARM_GCC_493\Debug\Lighting_with_PSoC_ACP.a(cyfitter_cfg.o)
 .debug_abbrev  0x00000662       0xc8 .\CortexM0p\ARM_GCC_493\Debug\Lighting_with_PSoC_ACP.a(LED_BLUE.o)
 .debug_abbrev  0x0000072a       0xc8 .\CortexM0p\ARM_GCC_493\Debug\Lighting_with_PSoC_ACP.a(LED_GREEN.o)
 .debug_abbrev  0x000007f2       0xc8 .\CortexM0p\ARM_GCC_493\Debug\Lighting_with_PSoC_ACP.a(LED_RED.o)
 .debug_abbrev  0x000008ba      0x133 .\CortexM0p\ARM_GCC_493\Debug\Lighting_with_PSoC_ACP.a(PWM_LED_STRIP.o)
 .debug_abbrev  0x000009ed       0xd5 .\CortexM0p\ARM_GCC_493\Debug\Lighting_with_PSoC_ACP.a(UART.o)
 .debug_abbrev  0x00000ac2      0x14c .\CortexM0p\ARM_GCC_493\Debug\Lighting_with_PSoC_ACP.a(UART_UART.o)
 .debug_abbrev  0x00000c0e       0x14 .\CortexM0p\ARM_GCC_493\Debug\Lighting_with_PSoC_ACP.a(CyBootAsmGnu.o)
 .debug_abbrev  0x00000c22      0x236 .\CortexM0p\ARM_GCC_493\Debug\Lighting_with_PSoC_ACP.a(CyLib.o)
 .debug_abbrev  0x00000e58      0x232 .\CortexM0p\ARM_GCC_493\Debug\Lighting_with_PSoC_ACP.a(CyLFClk.o)
 .debug_abbrev  0x0000108a      0x233 .\CortexM0p\ARM_GCC_493\Debug\Lighting_with_PSoC_ACP.a(ADC.o)
 .debug_abbrev  0x000012bd       0x86 .\CortexM0p\ARM_GCC_493\Debug\Lighting_with_PSoC_ACP.a(ADC_INIT.o)
 .debug_abbrev  0x00001343       0x65 .\CortexM0p\ARM_GCC_493\Debug\Lighting_with_PSoC_ACP.a(ADC_INT.o)
 .debug_abbrev  0x000013a8       0xb7 .\CortexM0p\ARM_GCC_493\Debug\Lighting_with_PSoC_ACP.a(ADC_intSarClock.o)
 .debug_abbrev  0x0000145f      0x1b4 .\CortexM0p\ARM_GCC_493\Debug\Lighting_with_PSoC_ACP.a(ADC_IRQ.o)
 .debug_abbrev  0x00001613      0x24f .\CortexM0p\ARM_GCC_493\Debug\Lighting_with_PSoC_ACP.a(CSD_Control.o)
 .debug_abbrev  0x00001862      0x1e8 .\CortexM0p\ARM_GCC_493\Debug\Lighting_with_PSoC_ACP.a(CSD_Processing.o)
 .debug_abbrev  0x00001a4a      0x228 .\CortexM0p\ARM_GCC_493\Debug\Lighting_with_PSoC_ACP.a(CSD_Structure.o)
 .debug_abbrev  0x00001c72      0x17e .\CortexM0p\ARM_GCC_493\Debug\Lighting_with_PSoC_ACP.a(CSD_Tuner.o)
 .debug_abbrev  0x00001df0      0x290 .\CortexM0p\ARM_GCC_493\Debug\Lighting_with_PSoC_ACP.a(CSD_Filter.o)
 .debug_abbrev  0x00002080      0x225 .\CortexM0p\ARM_GCC_493\Debug\Lighting_with_PSoC_ACP.a(CSD_Sensing.o)
 .debug_abbrev  0x000022a5      0x2c4 .\CortexM0p\ARM_GCC_493\Debug\Lighting_with_PSoC_ACP.a(CSD_SensingCSD_LL.o)
 .debug_abbrev  0x00002569      0x1b4 .\CortexM0p\ARM_GCC_493\Debug\Lighting_with_PSoC_ACP.a(CSD_ISR.o)
 .debug_abbrev  0x0000271d       0xc8 .\CortexM0p\ARM_GCC_493\Debug\Lighting_with_PSoC_ACP.a(PIRAmplifierStage1.o)
 .debug_abbrev  0x000027e5       0xc8 .\CortexM0p\ARM_GCC_493\Debug\Lighting_with_PSoC_ACP.a(RefBuffer.o)
 .debug_abbrev  0x000028ad       0xaa .\CortexM0p\ARM_GCC_493\Debug\Lighting_with_PSoC_ACP.a(PVref.o)
 .debug_abbrev  0x00002957       0xe9 .\CortexM0p\ARM_GCC_493\Debug\Lighting_with_PSoC_ACP.a(PIRAmplifierStage2.o)
 .debug_abbrev  0x00002a40      0x1b4 .\CortexM0p\ARM_GCC_493\Debug\Lighting_with_PSoC_ACP.a(Switch_Off_Timer_Int.o)
 .debug_abbrev  0x00002bf4      0x133 .\CortexM0p\ARM_GCC_493\Debug\Lighting_with_PSoC_ACP.a(Switch_Off_Timer.o)
 .debug_abbrev  0x00002d27      0x133 .\CortexM0p\ARM_GCC_493\Debug\Lighting_with_PSoC_ACP.a(Millis_Update_Timer.o)
 .debug_abbrev  0x00002e5a      0x1b4 .\CortexM0p\ARM_GCC_493\Debug\Lighting_with_PSoC_ACP.a(Millis_Update_Timer_Int.o)
 .debug_abbrev  0x0000300e      0x14f .\CortexM0p\ARM_GCC_493\Debug\Lighting_with_PSoC_ACP.a(UART_SPI_UART.o)
 .debug_abbrev  0x0000315d      0x1c1 .\CortexM0p\ARM_GCC_493\Debug\Lighting_with_PSoC_ACP.a(CyFlash.o)
 .debug_abbrev  0x0000331e       0xc6 .\CortexM0p\ARM_GCC_493\Debug\Lighting_with_PSoC_ACP.a(cyPm.o)
 .debug_abbrev  0x000033e4      0x191 .\CortexM0p\ARM_GCC_493\Debug\Lighting_with_PSoC_ACP.a(CSD_INT.o)

.debug_line     0x00000000     0x4662
 *(.debug_line)
 .debug_line    0x00000000      0x3ae .\CortexM0p\ARM_GCC_493\Debug\main.o
 .debug_line    0x000003ae       0x53 .\CortexM0p\ARM_GCC_493\Debug\cymetadata.o
 .debug_line    0x00000401      0x25a .\CortexM0p\ARM_GCC_493\Debug\Cm0plusStart.o
 .debug_line    0x0000065b       0xf2 .\CortexM0p\ARM_GCC_493\Debug\Lighting_with_PSoC_ACP.a(cyfitter_cfg.o)
 .debug_line    0x0000074d       0xc2 .\CortexM0p\ARM_GCC_493\Debug\Lighting_with_PSoC_ACP.a(LED_BLUE.o)
 .debug_line    0x0000080f       0xc3 .\CortexM0p\ARM_GCC_493\Debug\Lighting_with_PSoC_ACP.a(LED_GREEN.o)
 .debug_line    0x000008d2       0xc1 .\CortexM0p\ARM_GCC_493\Debug\Lighting_with_PSoC_ACP.a(LED_RED.o)
 .debug_line    0x00000993      0x388 .\CortexM0p\ARM_GCC_493\Debug\Lighting_with_PSoC_ACP.a(PWM_LED_STRIP.o)
 .debug_line    0x00000d1b      0x121 .\CortexM0p\ARM_GCC_493\Debug\Lighting_with_PSoC_ACP.a(UART.o)
 .debug_line    0x00000e3c      0x1c7 .\CortexM0p\ARM_GCC_493\Debug\Lighting_with_PSoC_ACP.a(UART_UART.o)
 .debug_line    0x00001003       0x6a .\CortexM0p\ARM_GCC_493\Debug\Lighting_with_PSoC_ACP.a(CyBootAsmGnu.o)
 .debug_line    0x0000106d      0x5a3 .\CortexM0p\ARM_GCC_493\Debug\Lighting_with_PSoC_ACP.a(CyLib.o)
 .debug_line    0x00001610      0x5c3 .\CortexM0p\ARM_GCC_493\Debug\Lighting_with_PSoC_ACP.a(CyLFClk.o)
 .debug_line    0x00001bd3      0x3ce .\CortexM0p\ARM_GCC_493\Debug\Lighting_with_PSoC_ACP.a(ADC.o)
 .debug_line    0x00001fa1       0x5a .\CortexM0p\ARM_GCC_493\Debug\Lighting_with_PSoC_ACP.a(ADC_INIT.o)
 .debug_line    0x00001ffb       0x64 .\CortexM0p\ARM_GCC_493\Debug\Lighting_with_PSoC_ACP.a(ADC_INT.o)
 .debug_line    0x0000205f       0xdd .\CortexM0p\ARM_GCC_493\Debug\Lighting_with_PSoC_ACP.a(ADC_intSarClock.o)
 .debug_line    0x0000213c      0x16c .\CortexM0p\ARM_GCC_493\Debug\Lighting_with_PSoC_ACP.a(ADC_IRQ.o)
 .debug_line    0x000022a8      0x20e .\CortexM0p\ARM_GCC_493\Debug\Lighting_with_PSoC_ACP.a(CSD_Control.o)
 .debug_line    0x000024b6      0x2d4 .\CortexM0p\ARM_GCC_493\Debug\Lighting_with_PSoC_ACP.a(CSD_Processing.o)
 .debug_line    0x0000278a      0x1c6 .\CortexM0p\ARM_GCC_493\Debug\Lighting_with_PSoC_ACP.a(CSD_Structure.o)
 .debug_line    0x00002950       0xfc .\CortexM0p\ARM_GCC_493\Debug\Lighting_with_PSoC_ACP.a(CSD_Tuner.o)
 .debug_line    0x00002a4c      0x27f .\CortexM0p\ARM_GCC_493\Debug\Lighting_with_PSoC_ACP.a(CSD_Filter.o)
 .debug_line    0x00002ccb      0x277 .\CortexM0p\ARM_GCC_493\Debug\Lighting_with_PSoC_ACP.a(CSD_Sensing.o)
 .debug_line    0x00002f42      0x418 .\CortexM0p\ARM_GCC_493\Debug\Lighting_with_PSoC_ACP.a(CSD_SensingCSD_LL.o)
 .debug_line    0x0000335a      0x16c .\CortexM0p\ARM_GCC_493\Debug\Lighting_with_PSoC_ACP.a(CSD_ISR.o)
 .debug_line    0x000034c6       0xd0 .\CortexM0p\ARM_GCC_493\Debug\Lighting_with_PSoC_ACP.a(PIRAmplifierStage1.o)
 .debug_line    0x00003596       0xc7 .\CortexM0p\ARM_GCC_493\Debug\Lighting_with_PSoC_ACP.a(RefBuffer.o)
 .debug_line    0x0000365d       0xc1 .\CortexM0p\ARM_GCC_493\Debug\Lighting_with_PSoC_ACP.a(PVref.o)
 .debug_line    0x0000371e       0xef .\CortexM0p\ARM_GCC_493\Debug\Lighting_with_PSoC_ACP.a(PIRAmplifierStage2.o)
 .debug_line    0x0000380d      0x179 .\CortexM0p\ARM_GCC_493\Debug\Lighting_with_PSoC_ACP.a(Switch_Off_Timer_Int.o)
 .debug_line    0x00003986      0x386 .\CortexM0p\ARM_GCC_493\Debug\Lighting_with_PSoC_ACP.a(Switch_Off_Timer.o)
 .debug_line    0x00003d0c      0x389 .\CortexM0p\ARM_GCC_493\Debug\Lighting_with_PSoC_ACP.a(Millis_Update_Timer.o)
 .debug_line    0x00004095      0x17c .\CortexM0p\ARM_GCC_493\Debug\Lighting_with_PSoC_ACP.a(Millis_Update_Timer_Int.o)
 .debug_line    0x00004211      0x133 .\CortexM0p\ARM_GCC_493\Debug\Lighting_with_PSoC_ACP.a(UART_SPI_UART.o)
 .debug_line    0x00004344      0x17e .\CortexM0p\ARM_GCC_493\Debug\Lighting_with_PSoC_ACP.a(CyFlash.o)
 .debug_line    0x000044c2       0x9a .\CortexM0p\ARM_GCC_493\Debug\Lighting_with_PSoC_ACP.a(cyPm.o)
 .debug_line    0x0000455c      0x106 .\CortexM0p\ARM_GCC_493\Debug\Lighting_with_PSoC_ACP.a(CSD_INT.o)

.debug_frame    0x00000000     0x35ec
 *(.debug_frame)
 .debug_frame   0x00000000      0x140 .\CortexM0p\ARM_GCC_493\Debug\main.o
 .debug_frame   0x00000140       0xb0 .\CortexM0p\ARM_GCC_493\Debug\Cm0plusStart.o
 .debug_frame   0x000001f0       0x78 .\CortexM0p\ARM_GCC_493\Debug\Lighting_with_PSoC_ACP.a(cyfitter_cfg.o)
 .debug_frame   0x00000268       0x70 .\CortexM0p\ARM_GCC_493\Debug\Lighting_with_PSoC_ACP.a(LED_BLUE.o)
 .debug_frame   0x000002d8       0x70 .\CortexM0p\ARM_GCC_493\Debug\Lighting_with_PSoC_ACP.a(LED_GREEN.o)
 .debug_frame   0x00000348       0x70 .\CortexM0p\ARM_GCC_493\Debug\Lighting_with_PSoC_ACP.a(LED_RED.o)
 .debug_frame   0x000003b8      0x390 .\CortexM0p\ARM_GCC_493\Debug\Lighting_with_PSoC_ACP.a(PWM_LED_STRIP.o)
 .debug_frame   0x00000748       0xd8 .\CortexM0p\ARM_GCC_493\Debug\Lighting_with_PSoC_ACP.a(UART.o)
 .debug_frame   0x00000820      0x130 .\CortexM0p\ARM_GCC_493\Debug\Lighting_with_PSoC_ACP.a(UART_UART.o)
 .debug_frame   0x00000950      0x4cc .\CortexM0p\ARM_GCC_493\Debug\Lighting_with_PSoC_ACP.a(CyLib.o)
 .debug_frame   0x00000e1c      0x484 .\CortexM0p\ARM_GCC_493\Debug\Lighting_with_PSoC_ACP.a(CyLFClk.o)
 .debug_frame   0x000012a0      0x288 .\CortexM0p\ARM_GCC_493\Debug\Lighting_with_PSoC_ACP.a(ADC.o)
 .debug_frame   0x00001528       0x20 .\CortexM0p\ARM_GCC_493\Debug\Lighting_with_PSoC_ACP.a(ADC_INT.o)
 .debug_frame   0x00001548       0x6c .\CortexM0p\ARM_GCC_493\Debug\Lighting_with_PSoC_ACP.a(ADC_intSarClock.o)
 .debug_frame   0x000015b4      0x110 .\CortexM0p\ARM_GCC_493\Debug\Lighting_with_PSoC_ACP.a(ADC_IRQ.o)
 .debug_frame   0x000016c4      0x134 .\CortexM0p\ARM_GCC_493\Debug\Lighting_with_PSoC_ACP.a(CSD_Control.o)
 .debug_frame   0x000017f8       0xd8 .\CortexM0p\ARM_GCC_493\Debug\Lighting_with_PSoC_ACP.a(CSD_Processing.o)
 .debug_frame   0x000018d0       0xbc .\CortexM0p\ARM_GCC_493\Debug\Lighting_with_PSoC_ACP.a(CSD_Structure.o)
 .debug_frame   0x0000198c       0x40 .\CortexM0p\ARM_GCC_493\Debug\Lighting_with_PSoC_ACP.a(CSD_Tuner.o)
 .debug_frame   0x000019cc      0x22c .\CortexM0p\ARM_GCC_493\Debug\Lighting_with_PSoC_ACP.a(CSD_Filter.o)
 .debug_frame   0x00001bf8      0x180 .\CortexM0p\ARM_GCC_493\Debug\Lighting_with_PSoC_ACP.a(CSD_Sensing.o)
 .debug_frame   0x00001d78      0x2d8 .\CortexM0p\ARM_GCC_493\Debug\Lighting_with_PSoC_ACP.a(CSD_SensingCSD_LL.o)
 .debug_frame   0x00002050      0x110 .\CortexM0p\ARM_GCC_493\Debug\Lighting_with_PSoC_ACP.a(CSD_ISR.o)
 .debug_frame   0x00002160       0x7c .\CortexM0p\ARM_GCC_493\Debug\Lighting_with_PSoC_ACP.a(PIRAmplifierStage1.o)
 .debug_frame   0x000021dc       0x7c .\CortexM0p\ARM_GCC_493\Debug\Lighting_with_PSoC_ACP.a(RefBuffer.o)
 .debug_frame   0x00002258       0x7c .\CortexM0p\ARM_GCC_493\Debug\Lighting_with_PSoC_ACP.a(PVref.o)
 .debug_frame   0x000022d4       0xc4 .\CortexM0p\ARM_GCC_493\Debug\Lighting_with_PSoC_ACP.a(PIRAmplifierStage2.o)
 .debug_frame   0x00002398      0x110 .\CortexM0p\ARM_GCC_493\Debug\Lighting_with_PSoC_ACP.a(Switch_Off_Timer_Int.o)
 .debug_frame   0x000024a8      0x390 .\CortexM0p\ARM_GCC_493\Debug\Lighting_with_PSoC_ACP.a(Switch_Off_Timer.o)
 .debug_frame   0x00002838      0x390 .\CortexM0p\ARM_GCC_493\Debug\Lighting_with_PSoC_ACP.a(Millis_Update_Timer.o)
 .debug_frame   0x00002bc8      0x110 .\CortexM0p\ARM_GCC_493\Debug\Lighting_with_PSoC_ACP.a(Millis_Update_Timer_Int.o)
 .debug_frame   0x00002cd8       0xb0 .\CortexM0p\ARM_GCC_493\Debug\Lighting_with_PSoC_ACP.a(UART_SPI_UART.o)
 .debug_frame   0x00002d88       0x88 .\CortexM0p\ARM_GCC_493\Debug\Lighting_with_PSoC_ACP.a(CyFlash.o)
 .debug_frame   0x00002e10       0x58 .\CortexM0p\ARM_GCC_493\Debug\Lighting_with_PSoC_ACP.a(cyPm.o)
 .debug_frame   0x00002e68       0x40 .\CortexM0p\ARM_GCC_493\Debug\Lighting_with_PSoC_ACP.a(CSD_INT.o)
 .debug_frame   0x00002ea8       0x20 c:/program files (x86)/cypress/psoc creator/3.3/psoc creator/import/gnu/arm/4.9.3/bin/../lib/gcc/arm-none-eabi/4.9.3/armv6-m\libgcc.a(_udivsi3.o)
 .debug_frame   0x00002ec8       0x20 c:/program files (x86)/cypress/psoc creator/3.3/psoc creator/import/gnu/arm/4.9.3/bin/../lib/gcc/arm-none-eabi/4.9.3/armv6-m\libgcc.a(_divsi3.o)
 .debug_frame   0x00002ee8       0x34 c:/program files (x86)/cypress/psoc creator/3.3/psoc creator/import/gnu/arm/4.9.3/bin/../lib/gcc/arm-none-eabi/4.9.3/armv6-m\libgcc.a(_muldi3.o)
 .debug_frame   0x00002f1c       0x28 c:/program files (x86)/cypress/psoc creator/3.3/psoc creator/import/gnu/arm/4.9.3/bin/../lib/gcc/arm-none-eabi/4.9.3/armv6-m\libgcc.a(_fixunssfsi.o)
 .debug_frame   0x00002f44       0x50 c:/program files (x86)/cypress/psoc creator/3.3/psoc creator/import/gnu/arm/4.9.3/bin/../lib/gcc/arm-none-eabi/4.9.3/armv6-m\libgcc.a(bpabi.o)
 .debug_frame   0x00002f94       0x30 c:/program files (x86)/cypress/psoc creator/3.3/psoc creator/import/gnu/arm/4.9.3/bin/../lib/gcc/arm-none-eabi/4.9.3/armv6-m\libgcc.a(addsf3.o)
 .debug_frame   0x00002fc4       0x3c c:/program files (x86)/cypress/psoc creator/3.3/psoc creator/import/gnu/arm/4.9.3/bin/../lib/gcc/arm-none-eabi/4.9.3/armv6-m\libgcc.a(divsf3.o)
 .debug_frame   0x00003000       0x3c c:/program files (x86)/cypress/psoc creator/3.3/psoc creator/import/gnu/arm/4.9.3/bin/../lib/gcc/arm-none-eabi/4.9.3/armv6-m\libgcc.a(mulsf3.o)
 .debug_frame   0x0000303c       0x30 c:/program files (x86)/cypress/psoc creator/3.3/psoc creator/import/gnu/arm/4.9.3/bin/../lib/gcc/arm-none-eabi/4.9.3/armv6-m\libgcc.a(subsf3.o)
 .debug_frame   0x0000306c       0x20 c:/program files (x86)/cypress/psoc creator/3.3/psoc creator/import/gnu/arm/4.9.3/bin/../lib/gcc/arm-none-eabi/4.9.3/armv6-m\libgcc.a(fixsfsi.o)
 .debug_frame   0x0000308c       0x2c c:/program files (x86)/cypress/psoc creator/3.3/psoc creator/import/gnu/arm/4.9.3/bin/../lib/gcc/arm-none-eabi/4.9.3/armv6-m\libgcc.a(floatsisf.o)
 .debug_frame   0x000030b8       0x38 c:/program files (x86)/cypress/psoc creator/3.3/psoc creator/import/gnu/arm/4.9.3/bin/../lib/gcc/arm-none-eabi/4.9.3/armv6-m\libgcc.a(adddf3.o)
 .debug_frame   0x000030f0       0x3c c:/program files (x86)/cypress/psoc creator/3.3/psoc creator/import/gnu/arm/4.9.3/bin/../lib/gcc/arm-none-eabi/4.9.3/armv6-m\libgcc.a(muldf3.o)
 .debug_frame   0x0000312c       0x2c c:/program files (x86)/cypress/psoc creator/3.3/psoc creator/import/gnu/arm/4.9.3/bin/../lib/gcc/arm-none-eabi/4.9.3/armv6-m\libgcc.a(floatsidf.o)
 .debug_frame   0x00003158       0x2c c:/program files (x86)/cypress/psoc creator/3.3/psoc creator/import/gnu/arm/4.9.3/bin/../lib/gcc/arm-none-eabi/4.9.3/armv6-m\libgcc.a(extendsfdf2.o)
 .debug_frame   0x00003184       0x2c c:/program files (x86)/cypress/psoc creator/3.3/psoc creator/import/gnu/arm/4.9.3/bin/../lib/gcc/arm-none-eabi/4.9.3/armv6-m\libgcc.a(truncdfsf2.o)
 .debug_frame   0x000031b0       0x3c c:/program files (x86)/cypress/psoc creator/3.3/psoc creator/import/gnu/arm/4.9.3/bin/../lib/gcc/arm-none-eabi/4.9.3/armv6-m\libgcc.a(_divdi3.o)
 .debug_frame   0x000031ec       0x3c c:/program files (x86)/cypress/psoc creator/3.3/psoc creator/import/gnu/arm/4.9.3/bin/../lib/gcc/arm-none-eabi/4.9.3/armv6-m\libgcc.a(_udivdi3.o)
 .debug_frame   0x00003228       0x2c c:/program files (x86)/cypress/psoc creator/3.3/psoc creator/import/gnu/arm/4.9.3/bin/../lib/gcc/arm-none-eabi/4.9.3/armv6-m\libgcc.a(eqsf2.o)
 .debug_frame   0x00003254       0x30 c:/program files (x86)/cypress/psoc creator/3.3/psoc creator/import/gnu/arm/4.9.3/bin/../lib/gcc/arm-none-eabi/4.9.3/armv6-m\libgcc.a(gesf2.o)
 .debug_frame   0x00003284       0x30 c:/program files (x86)/cypress/psoc creator/3.3/psoc creator/import/gnu/arm/4.9.3/bin/../lib/gcc/arm-none-eabi/4.9.3/armv6-m\libgcc.a(lesf2.o)
 .debug_frame   0x000032b4       0x20 c:/program files (x86)/cypress/psoc creator/3.3/psoc creator/import/gnu/arm/4.9.3/bin/../lib/gcc/arm-none-eabi/4.9.3/../../../../arm-none-eabi/lib/armv6-m\libg_nano.a(lib_a-errno.o)
 .debug_frame   0x000032d4       0x28 c:/program files (x86)/cypress/psoc creator/3.3/psoc creator/import/gnu/arm/4.9.3/bin/../lib/gcc/arm-none-eabi/4.9.3/../../../../arm-none-eabi/lib/armv6-m\libg_nano.a(lib_a-exit.o)
 .debug_frame   0x000032fc       0x2c c:/program files (x86)/cypress/psoc creator/3.3/psoc creator/import/gnu/arm/4.9.3/bin/../lib/gcc/arm-none-eabi/4.9.3/../../../../arm-none-eabi/lib/armv6-m\libg_nano.a(lib_a-init.o)
 .debug_frame   0x00003328       0x28 c:/program files (x86)/cypress/psoc creator/3.3/psoc creator/import/gnu/arm/4.9.3/bin/../lib/gcc/arm-none-eabi/4.9.3/../../../../arm-none-eabi/lib/armv6-m\libg_nano.a(lib_a-memcpy.o)
 .debug_frame   0x00003350       0x20 c:/program files (x86)/cypress/psoc creator/3.3/psoc creator/import/gnu/arm/4.9.3/bin/../lib/gcc/arm-none-eabi/4.9.3/../../../../arm-none-eabi/lib/armv6-m\libg_nano.a(lib_a-memset.o)
 .debug_frame   0x00003370       0x50 c:/program files (x86)/cypress/psoc creator/3.3/psoc creator/import/gnu/arm/4.9.3/bin/../lib/gcc/arm-none-eabi/4.9.3/../../../../arm-none-eabi/lib/armv6-m\libg_nano.a(lib_a-sprintf.o)
 .debug_frame   0x000033c0       0x74 c:/program files (x86)/cypress/psoc creator/3.3/psoc creator/import/gnu/arm/4.9.3/bin/../lib/gcc/arm-none-eabi/4.9.3/../../../../arm-none-eabi/lib/armv6-m\libg_nano.a(lib_a-nano-svfprintf.o)
 .debug_frame   0x00003434       0x54 c:/program files (x86)/cypress/psoc creator/3.3/psoc creator/import/gnu/arm/4.9.3/bin/../lib/gcc/arm-none-eabi/4.9.3/../../../../arm-none-eabi/lib/armv6-m\libg_nano.a(lib_a-nano-vfprintf_i.o)
 .debug_frame   0x00003488       0x20 c:/program files (x86)/cypress/psoc creator/3.3/psoc creator/import/gnu/arm/4.9.3/bin/../lib/gcc/arm-none-eabi/4.9.3/../../../../arm-none-eabi/lib/armv6-m\libg_nano.a(lib_a-memchr.o)
 .debug_frame   0x000034a8       0x28 c:/program files (x86)/cypress/psoc creator/3.3/psoc creator/import/gnu/arm/4.9.3/bin/../lib/gcc/arm-none-eabi/4.9.3/../../../../arm-none-eabi/lib/armv6-m\libg_nano.a(lib_a-memmove.o)
 .debug_frame   0x000034d0       0x2c c:/program files (x86)/cypress/psoc creator/3.3/psoc creator/import/gnu/arm/4.9.3/bin/../lib/gcc/arm-none-eabi/4.9.3/../../../../arm-none-eabi/lib/armv6-m\libg_nano.a(lib_a-nano-freer.o)
 .debug_frame   0x000034fc       0x2c c:/program files (x86)/cypress/psoc creator/3.3/psoc creator/import/gnu/arm/4.9.3/bin/../lib/gcc/arm-none-eabi/4.9.3/../../../../arm-none-eabi/lib/armv6-m\libg_nano.a(lib_a-nano-mallocr.o)
 .debug_frame   0x00003528       0x30 c:/program files (x86)/cypress/psoc creator/3.3/psoc creator/import/gnu/arm/4.9.3/bin/../lib/gcc/arm-none-eabi/4.9.3/../../../../arm-none-eabi/lib/armv6-m\libg_nano.a(lib_a-nano-reallocr.o)
 .debug_frame   0x00003558       0x2c c:/program files (x86)/cypress/psoc creator/3.3/psoc creator/import/gnu/arm/4.9.3/bin/../lib/gcc/arm-none-eabi/4.9.3/../../../../arm-none-eabi/lib/armv6-m\libg_nano.a(lib_a-sbrkr.o)
 .debug_frame   0x00003584       0x20 c:/program files (x86)/cypress/psoc creator/3.3/psoc creator/import/gnu/arm/4.9.3/bin/../lib/gcc/arm-none-eabi/4.9.3/../../../../arm-none-eabi/lib/armv6-m\libg_nano.a(lib_a-nano-msizer.o)
 .debug_frame   0x000035a4       0x48 c:/program files (x86)/cypress/psoc creator/3.3/psoc creator/import/gnu/arm/4.9.3/bin/../lib/gcc/arm-none-eabi/4.9.3/../../../../arm-none-eabi/lib/armv6-m\libg_nano.a(lib_a-reent.o)

.debug_str      0x00000000     0x49c1
 *(.debug_str)
 .debug_str     0x00000000      0x746 .\CortexM0p\ARM_GCC_493\Debug\main.o
                                0x791 (size before relaxing)
 .debug_str     0x00000746       0x5b .\CortexM0p\ARM_GCC_493\Debug\cymetadata.o
                                0x1cf (size before relaxing)
 .debug_str     0x000007a1      0x15d .\CortexM0p\ARM_GCC_493\Debug\Cm0plusStart.o
                                0x304 (size before relaxing)
 .debug_str     0x000008fe       0xb8 .\CortexM0p\ARM_GCC_493\Debug\Lighting_with_PSoC_ACP.a(cyfitter_cfg.o)
                                0x24d (size before relaxing)
 .debug_str     0x000009b6       0xbe .\CortexM0p\ARM_GCC_493\Debug\Lighting_with_PSoC_ACP.a(LED_BLUE.o)
                                0x24c (size before relaxing)
 .debug_str     0x00000a74       0x95 .\CortexM0p\ARM_GCC_493\Debug\Lighting_with_PSoC_ACP.a(LED_GREEN.o)
                                0x253 (size before relaxing)
 .debug_str     0x00000b09       0x89 .\CortexM0p\ARM_GCC_493\Debug\Lighting_with_PSoC_ACP.a(LED_RED.o)
                                0x245 (size before relaxing)
 .debug_str     0x00000b92      0x53b .\CortexM0p\ARM_GCC_493\Debug\Lighting_with_PSoC_ACP.a(PWM_LED_STRIP.o)
                                0x6f6 (size before relaxing)
 .debug_str     0x000010cd       0xf9 .\CortexM0p\ARM_GCC_493\Debug\Lighting_with_PSoC_ACP.a(UART.o)
                                0x28c (size before relaxing)
 .debug_str     0x000011c6      0x19a .\CortexM0p\ARM_GCC_493\Debug\Lighting_with_PSoC_ACP.a(UART_UART.o)
                                0x383 (size before relaxing)
 .debug_str     0x00001360      0x658 .\CortexM0p\ARM_GCC_493\Debug\Lighting_with_PSoC_ACP.a(CyLib.o)
                                0x87b (size before relaxing)
 .debug_str     0x000019b8      0x63d .\CortexM0p\ARM_GCC_493\Debug\Lighting_with_PSoC_ACP.a(CyLFClk.o)
                                0x88e (size before relaxing)
 .debug_str     0x00001ff5      0x3e6 .\CortexM0p\ARM_GCC_493\Debug\Lighting_with_PSoC_ACP.a(ADC.o)
                                0x615 (size before relaxing)
 .debug_str     0x000023db       0x24 .\CortexM0p\ARM_GCC_493\Debug\Lighting_with_PSoC_ACP.a(ADC_INIT.o)
                                0x273 (size before relaxing)
 .debug_str     0x000023ff       0x37 .\CortexM0p\ARM_GCC_493\Debug\Lighting_with_PSoC_ACP.a(ADC_INT.o)
                                0x1b2 (size before relaxing)
 .debug_str     0x00002436       0xd1 .\CortexM0p\ARM_GCC_493\Debug\Lighting_with_PSoC_ACP.a(ADC_intSarClock.o)
                                0x288 (size before relaxing)
 .debug_str     0x00002507      0x103 .\CortexM0p\ARM_GCC_493\Debug\Lighting_with_PSoC_ACP.a(ADC_IRQ.o)
                                0x2fb (size before relaxing)
 .debug_str     0x0000260a      0x3ea .\CortexM0p\ARM_GCC_493\Debug\Lighting_with_PSoC_ACP.a(CSD_Control.o)
                                0x7cf (size before relaxing)
 .debug_str     0x000029f4      0x132 .\CortexM0p\ARM_GCC_493\Debug\Lighting_with_PSoC_ACP.a(CSD_Processing.o)
                                0x710 (size before relaxing)
 .debug_str     0x00002b26      0x19a .\CortexM0p\ARM_GCC_493\Debug\Lighting_with_PSoC_ACP.a(CSD_Structure.o)
                                0x70d (size before relaxing)
 .debug_str     0x00002cc0       0xf0 .\CortexM0p\ARM_GCC_493\Debug\Lighting_with_PSoC_ACP.a(CSD_Tuner.o)
                                0x57e (size before relaxing)